Component: ARM Compiler 5.06 update 5 (build 528) Tool: armlink [4d35e2]

==============================================================================

Section Cross References

    stm32f1xx_hal_cortex.o(i.HAL_NVIC_GetPriorityGrouping) refers to stm32f1xx_hal_cortex.o(i.NVIC_GetPriorityGrouping) for NVIC_GetPriorityGrouping
    stm32f1xx_hal_cortex.o(i.HAL_NVIC_SetPriority) refers to stm32f1xx_hal_cortex.o(i.NVIC_GetPriorityGrouping) for NVIC_GetPriorityGrouping
    stm32f1xx_hal_cortex.o(i.HAL_NVIC_SetPriority) refers to stm32f1xx_hal_cortex.o(i.NVIC_SetPriority) for NVIC_SetPriority
    stm32f1xx_hal_cortex.o(i.HAL_SYSTICK_Config) refers to stm32f1xx_hal_cortex.o(i.NVIC_SetPriority) for NVIC_SetPriority
    stm32f1xx_hal_cortex.o(i.HAL_SYSTICK_IRQHandler) refers to stm32f1xx_hal_cortex.o(i.HAL_SYSTICK_Callback) for HAL_SYSTICK_Callback
    stm32f1xx_hal_flash_ex.o(i.FLASH_MassErase) refers to stm32f1xx_hal_flash.o(.bss) for pFlash
    stm32f1xx_hal_flash_ex.o(i.FLASH_OB_DisableWRP) refers to stm32f1xx_hal_flash_ex.o(i.FLASH_OB_GetWRP) for FLASH_OB_GetWRP
    stm32f1xx_hal_flash_ex.o(i.FLASH_OB_DisableWRP) refers to stm32f1xx_hal_flash.o(i.FLASH_WaitForLastOperation) for FLASH_WaitForLastOperation
    stm32f1xx_hal_flash_ex.o(i.FLASH_OB_DisableWRP) refers to stm32f1xx_hal_flash_ex.o(i.HAL_FLASHEx_OBErase) for HAL_FLASHEx_OBErase
    stm32f1xx_hal_flash_ex.o(i.FLASH_OB_DisableWRP) refers to stm32f1xx_hal_flash.o(.bss) for pFlash
    stm32f1xx_hal_flash_ex.o(i.FLASH_OB_EnableWRP) refers to stm32f1xx_hal_flash_ex.o(i.FLASH_OB_GetWRP) for FLASH_OB_GetWRP
    stm32f1xx_hal_flash_ex.o(i.FLASH_OB_EnableWRP) refers to stm32f1xx_hal_flash.o(i.FLASH_WaitForLastOperation) for FLASH_WaitForLastOperation
    stm32f1xx_hal_flash_ex.o(i.FLASH_OB_EnableWRP) refers to stm32f1xx_hal_flash_ex.o(i.HAL_FLASHEx_OBErase) for HAL_FLASHEx_OBErase
    stm32f1xx_hal_flash_ex.o(i.FLASH_OB_EnableWRP) refers to stm32f1xx_hal_flash.o(.bss) for pFlash
    stm32f1xx_hal_flash_ex.o(i.FLASH_OB_ProgramData) refers to stm32f1xx_hal_flash.o(i.FLASH_WaitForLastOperation) for FLASH_WaitForLastOperation
    stm32f1xx_hal_flash_ex.o(i.FLASH_OB_ProgramData) refers to stm32f1xx_hal_flash.o(.bss) for pFlash
    stm32f1xx_hal_flash_ex.o(i.FLASH_OB_RDP_LevelConfig) refers to stm32f1xx_hal_flash.o(i.FLASH_WaitForLastOperation) for FLASH_WaitForLastOperation
    stm32f1xx_hal_flash_ex.o(i.FLASH_OB_RDP_LevelConfig) refers to stm32f1xx_hal_flash.o(.bss) for pFlash
    stm32f1xx_hal_flash_ex.o(i.FLASH_OB_UserConfig) refers to stm32f1xx_hal_flash.o(i.FLASH_WaitForLastOperation) for FLASH_WaitForLastOperation
    stm32f1xx_hal_flash_ex.o(i.FLASH_OB_UserConfig) refers to stm32f1xx_hal_flash.o(.bss) for pFlash
    stm32f1xx_hal_flash_ex.o(i.FLASH_PageErase) refers to stm32f1xx_hal_flash.o(.bss) for pFlash
    stm32f1xx_hal_flash_ex.o(i.HAL_FLASHEx_Erase) refers to stm32f1xx_hal_flash.o(i.FLASH_WaitForLastOperation) for FLASH_WaitForLastOperation
    stm32f1xx_hal_flash_ex.o(i.HAL_FLASHEx_Erase) refers to stm32f1xx_hal_flash_ex.o(i.FLASH_MassErase) for FLASH_MassErase
    stm32f1xx_hal_flash_ex.o(i.HAL_FLASHEx_Erase) refers to stm32f1xx_hal_flash_ex.o(i.FLASH_PageErase) for FLASH_PageErase
    stm32f1xx_hal_flash_ex.o(i.HAL_FLASHEx_Erase) refers to stm32f1xx_hal_flash.o(.bss) for pFlash
    stm32f1xx_hal_flash_ex.o(i.HAL_FLASHEx_Erase_IT) refers to stm32f1xx_hal_flash_ex.o(i.FLASH_MassErase) for FLASH_MassErase
    stm32f1xx_hal_flash_ex.o(i.HAL_FLASHEx_Erase_IT) refers to stm32f1xx_hal_flash_ex.o(i.FLASH_PageErase) for FLASH_PageErase
    stm32f1xx_hal_flash_ex.o(i.HAL_FLASHEx_Erase_IT) refers to stm32f1xx_hal_flash.o(.bss) for pFlash
    stm32f1xx_hal_flash_ex.o(i.HAL_FLASHEx_OBErase) refers to stm32f1xx_hal_flash_ex.o(i.FLASH_OB_GetRDP) for FLASH_OB_GetRDP
    stm32f1xx_hal_flash_ex.o(i.HAL_FLASHEx_OBErase) refers to stm32f1xx_hal_flash.o(i.FLASH_WaitForLastOperation) for FLASH_WaitForLastOperation
    stm32f1xx_hal_flash_ex.o(i.HAL_FLASHEx_OBErase) refers to stm32f1xx_hal_flash_ex.o(i.FLASH_OB_RDP_LevelConfig) for FLASH_OB_RDP_LevelConfig
    stm32f1xx_hal_flash_ex.o(i.HAL_FLASHEx_OBErase) refers to stm32f1xx_hal_flash.o(.bss) for pFlash
    stm32f1xx_hal_flash_ex.o(i.HAL_FLASHEx_OBGetConfig) refers to stm32f1xx_hal_flash_ex.o(i.FLASH_OB_GetWRP) for FLASH_OB_GetWRP
    stm32f1xx_hal_flash_ex.o(i.HAL_FLASHEx_OBGetConfig) refers to stm32f1xx_hal_flash_ex.o(i.FLASH_OB_GetRDP) for FLASH_OB_GetRDP
    stm32f1xx_hal_flash_ex.o(i.HAL_FLASHEx_OBGetConfig) refers to stm32f1xx_hal_flash_ex.o(i.FLASH_OB_GetUser) for FLASH_OB_GetUser
    stm32f1xx_hal_flash_ex.o(i.HAL_FLASHEx_OBProgram) refers to stm32f1xx_hal_flash_ex.o(i.FLASH_OB_EnableWRP) for FLASH_OB_EnableWRP
    stm32f1xx_hal_flash_ex.o(i.HAL_FLASHEx_OBProgram) refers to stm32f1xx_hal_flash_ex.o(i.FLASH_OB_DisableWRP) for FLASH_OB_DisableWRP
    stm32f1xx_hal_flash_ex.o(i.HAL_FLASHEx_OBProgram) refers to stm32f1xx_hal_flash_ex.o(i.FLASH_OB_RDP_LevelConfig) for FLASH_OB_RDP_LevelConfig
[...]
    Removing stm32f1xx_hal_tim.o(i.HAL_TIM_Encoder_MspInit), (2 bytes).
    Removing stm32f1xx_hal_tim.o(i.HAL_TIM_Encoder_Start), (78 bytes).
    Removing stm32f1xx_hal_tim.o(i.HAL_TIM_Encoder_Start_DMA), (328 bytes).
    Removing stm32f1xx_hal_tim.o(i.HAL_TIM_Encoder_Start_IT), (126 bytes).
    Removing stm32f1xx_hal_tim.o(i.HAL_TIM_Encoder_Stop), (104 bytes).
    Removing stm32f1xx_hal_tim.o(i.HAL_TIM_Encoder_Stop_DMA), (152 bytes).
    Removing stm32f1xx_hal_tim.o(i.HAL_TIM_Encoder_Stop_IT), (152 bytes).
    Removing stm32f1xx_hal_tim.o(i.HAL_TIM_ErrorCallback), (2 bytes).
    Removing stm32f1xx_hal_tim.o(i.HAL_TIM_GenerateEvent), (54 bytes).
    Removing stm32f1xx_hal_tim.o(i.HAL_TIM_IC_CaptureCallback), (2 bytes).
    Removing stm32f1xx_hal_tim.o(i.HAL_TIM_IC_ConfigChannel), (224 bytes).
    Removing stm32f1xx_hal_tim.o(i.HAL_TIM_IC_DeInit), (70 bytes).
    Removing stm32f1xx_hal_tim.o(i.HAL_TIM_IC_GetState), (8 bytes).
    Removing stm32f1xx_hal_tim.o(i.HAL_TIM_IC_Init), (52 bytes).
    Removing stm32f1xx_hal_tim.o(i.HAL_TIM_IC_MspDeInit), (2 bytes).
    Removing stm32f1xx_hal_tim.o(i.HAL_TIM_IC_MspInit), (2 bytes).
    Removing stm32f1xx_hal_tim.o(i.HAL_TIM_IC_Start), (32 bytes).
    Removing stm32f1xx_hal_tim.o(i.HAL_TIM_IC_Start_DMA), (268 bytes).
    Removing stm32f1xx_hal_tim.o(i.HAL_TIM_IC_Start_IT), (108 bytes).
    Removing stm32f1xx_hal_tim.o(i.HAL_TIM_IC_Stop), (58 bytes).
    Removing stm32f1xx_hal_tim.o(i.HAL_TIM_IC_Stop_DMA), (140 bytes).
    Removing stm32f1xx_hal_tim.o(i.HAL_TIM_IC_Stop_IT), (134 bytes).
    Removing stm32f1xx_hal_tim.o(i.HAL_TIM_IRQHandler), (406 bytes).
    Removing stm32f1xx_hal_tim.o(i.HAL_TIM_OC_ConfigChannel), (116 bytes).
    Removing stm32f1xx_hal_tim.o(i.HAL_TIM_OC_DeInit), (70 bytes).
    Removing stm32f1xx_hal_tim.o(i.HAL_TIM_OC_DelayElapsedCallback), (2 bytes).
    Removing stm32f1xx_hal_tim.o(i.HAL_TIM_OC_GetState), (8 bytes).
    Removing stm32f1xx_hal_tim.o(i.HAL_TIM_OC_Init), (52 bytes).
    Removing stm32f1xx_hal_tim.o(i.HAL_TIM_OC_MspDeInit), (2 bytes).
    Removing stm32f1xx_hal_tim.o(i.HAL_TIM_OC_MspInit), (2 bytes).
    Removing stm32f1xx_hal_tim.o(i.HAL_TIM_OC_Start), (64 bytes).
    Removing stm32f1xx_hal_tim.o(i.HAL_TIM_OC_Start_DMA), (300 bytes).
    Removing stm32f1xx_hal_tim.o(i.HAL_TIM_OC_Start_IT), (140 bytes).
    Removing stm32f1xx_hal_tim.o(i.HAL_TIM_OC_Stop), (116 bytes).
    Removing stm32f1xx_hal_tim.o(i.HAL_TIM_OC_Stop_DMA), (200 bytes).
    Removing stm32f1xx_hal_tim.o(i.HAL_TIM_OC_Stop_IT), (192 bytes).
    Removing stm32f1xx_hal_tim.o(i.HAL_TIM_OnePulse_ConfigChannel), (286 bytes).
    Removing stm32f1xx_hal_tim.o(i.HAL_TIM_OnePulse_DeInit), (70 bytes).
    Removing stm32f1xx_hal_tim.o(i.HAL_TIM_OnePulse_GetState), (8 bytes).
    Removing stm32f1xx_hal_tim.o(i.HAL_TIM_OnePulse_Init), (76 bytes).
    Removing stm32f1xx_hal_tim.o(i.HAL_TIM_OnePulse_MspDeInit), (2 bytes).
    Removing stm32f1xx_hal_tim.o(i.HAL_TIM_OnePulse_MspInit), (2 bytes).
    Removing stm32f1xx_hal_tim.o(i.HAL_TIM_OnePulse_Start), (64 bytes).
    Removing stm32f1xx_hal_tim.o(i.HAL_TIM_OnePulse_Start_IT), (88 bytes).
    Removing stm32f1xx_hal_tim.o(i.HAL_TIM_OnePulse_Stop), (128 bytes).
    Removing stm32f1xx_hal_tim.o(i.HAL_TIM_OnePulse_Stop_IT), (152 bytes).
    Removing stm32f1xx_hal_tim.o(i.HAL_TIM_PWM_DeInit), (70 bytes).
    Removing stm32f1xx_hal_tim.o(i.HAL_TIM_PWM_GetState), (8 bytes).
    Removing stm32f1xx_hal_tim.o(i.HAL_TIM_PWM_MspDeInit), (2 bytes).
    Removing stm32f1xx_hal_tim.o(i.HAL_TIM_PWM_PulseFinishedCallback), (2 bytes).
    Removing stm32f1xx_hal_tim.o(i.HAL_TIM_PWM_Start_DMA), (300 bytes).
    Removing stm32f1xx_hal_tim.o(i.HAL_TIM_PWM_Start_IT), (140 bytes).
    Removing stm32f1xx_hal_tim.o(i.HAL_TIM_PWM_Stop), (124 bytes).
    Removing stm32f1xx_hal_tim.o(i.HAL_TIM_PWM_Stop_DMA), (200 bytes).
    Removing stm32f1xx_hal_tim.o(i.HAL_TIM_PWM_Stop_IT), (192 bytes).
    Removing stm32f1xx_hal_tim.o(i.HAL_TIM_PeriodElapsedCallback), (2 bytes).
    Removing stm32f1xx_hal_tim.o(i.HAL_TIM_ReadCapturedValue), (84 bytes).
    Removing stm32f1xx_hal_tim.o(i.HAL_TIM_SlaveConfigSynchronization), (86 bytes).
    Removing stm32f1xx_hal_tim.o(i.HAL_TIM_SlaveConfigSynchronization_IT), (86 bytes).
    Removing stm32f1xx_hal_tim.o(i.HAL_TIM_TriggerCallback), (2 bytes).
    Removing stm32f1xx_hal_tim.o(i.TIM_DMACaptureCplt), (70 bytes).
    Removing stm32f1xx_hal_tim.o(i.TIM_DMADelayPulseCplt), (70 bytes).
    Removing stm32f1xx_hal_tim.o(i.TIM_DMAError), (20 bytes).
    Removing stm32f1xx_hal_tim.o(i.TIM_DMAPeriodElapsedCplt), (20 bytes).
    Removing stm32f1xx_hal_tim.o(i.TIM_DMATriggerCplt), (20 bytes).
    Removing stm32f1xx_hal_tim.o(i.TIM_SlaveTimer_SetConfig), (164 bytes).
    Removing stm32f1xx_hal_tim.o(i.TIM_TI1_SetConfig), (108 bytes).
    Removing stm32f1xx_hal_tim.o(i.TIM_TI2_SetConfig), (62 bytes).
    Removing stm32f1xx_hal_tim.o(i.TIM_TI3_SetConfig), (60 bytes).
    Removing stm32f1xx_hal_tim.o(i.TIM_TI4_SetConfig), (64 bytes).
    Removing main.o(.rev16_text), (4 bytes).
    Removing main.o(.revsh_text), (4 bytes).
    Removing main.o(.rrx_text), (6 bytes).
    Removing stm32f1xx_hal_msp.o(.rev16_text), (4 bytes).
    Removing stm32f1xx_hal_msp.o(.revsh_text), (4 bytes).
    Removing stm32f1xx_hal_msp.o(.rrx_text), (6 bytes).
    Removing stm32f1xx_hal_msp.o(i.HAL_ADC_MspDeInit), (60 bytes).
    Removing stm32f1xx_hal_msp.o(i.HAL_TIM_Base_MspDeInit), (104 bytes).
    Removing stm32f1xx_hal_msp.o(i.HAL_UART_MspDeInit), (64 bytes).
    Removing stm32f1xx_it.o(.rev16_text), (4 bytes).
    Removing stm32f1xx_it.o(.revsh_text), (4 bytes).
    Removing stm32f1xx_it.o(.rrx_text), (6 bytes).
    Removing mask.o(.rev16_text), (4 bytes).
    Removing mask.o(.revsh_text), (4 bytes).
    Removing mask.o(.rrx_text), (6 bytes).
    Removing mask.o(i.Read_Volt), (84 bytes).
    Removing startup_stm32f103xb.o(HEAP), (512 bytes).
    Removing system_stm32f1xx.o(.rev16_text), (4 bytes).
    Removing system_stm32f1xx.o(.revsh_text), (4 bytes).
    Removing system_stm32f1xx.o(.rrx_text), (6 bytes).
    Removing system_stm32f1xx.o(i.SystemCoreClockUpdate), (168 bytes).
    Removing dfixul.o(.text), (48 bytes).
    Removing cdrcmple.o(.text), (48 bytes).

350 unused section(s) (total 26594 bytes) removed from the image.

==============================================================================

Image Symbol Table

    Local Symbols

    Symbol Name                              Value     Ov Type        Size  Object(Section)

    ../Drivers/STM32F1xx_HAL_Driver/Src/stm32f1xx_hal.c 0x00000000   Number         0  stm32f1xx_hal.o ABSOLUTE
    ../Drivers/STM32F1xx_HAL_Driver/Src/stm32f1xx_hal_adc.c 0x00000000   Number         0  stm32f1xx_hal_adc.o ABSOLUTE
    ../Drivers/STM32F1xx_HAL_Driver/Src/stm32f1xx_hal_adc_ex.c 0x00000000   Number         0  stm32f1xx_hal_adc_ex.o ABSOLUTE
    ../Drivers/STM32F1xx_HAL_Driver/Src/stm32f1xx_hal_cortex.c 0x00000000   Number         0  stm32f1xx_hal_cortex.o ABSOLUTE
    ../Drivers/STM32F1xx_HAL_Driver/Src/stm32f1xx_hal_dma.c 0x00000000   Number         0  stm32f1xx_hal_dma.o ABSOLUTE
    ../Drivers/STM32F1xx_HAL_Driver/Src/stm32f1xx_hal_flash.c 0x00000000   Number         0  stm32f1xx_hal_flash.o ABSOLUTE
    ../Drivers/STM32F1xx_HAL_Driver/Src/stm32f1xx_hal_flash_ex.c 0x00000000   Number         0  stm32f1xx_hal_flash_ex.o ABSOLUTE
    ../Drivers/STM32F1xx_HAL_Driver/Src/stm32f1xx_hal_gpio.c 0x00000000   Number         0  stm32f1xx_hal_gpio.o ABSOLUTE
    ../Drivers/STM32F1xx_HAL_Driver/Src/stm32f1xx_hal_gpio_ex.c 0x00000000   Number         0  stm32f1xx_hal_gpio_ex.o ABSOLUTE
    ../Drivers/STM32F1xx_HAL_Driver/Src/stm32f1xx_hal_pwr.c 0x00000000   Number         0  stm32f1xx_hal_pwr.o ABSOLUTE
    ../Drivers/STM32F1xx_HAL_Driver/Src/stm32f1xx_hal_rcc.c 0x00000000   Number         0  stm32f1xx_hal_rcc.o ABSOLUTE
    ../Drivers/STM32F1xx_HAL_Driver/Src/stm32f1xx_hal_rcc_ex.c 0x00000000   Number         0  stm32f1xx_hal_rcc_ex.o ABSOLUTE
    ../Drivers/STM32F1xx_HAL_Driver/Src/stm32f1xx_hal_tim.c 0x00000000   Number         0  stm32f1xx_hal_tim.o ABSOLUTE
    ../Drivers/STM32F1xx_HAL_Driver/Src/stm32f1xx_hal_tim_ex.c 0x00000000   Number         0  stm32f1xx_hal_tim_ex.o ABSOLUTE
    ../Drivers/STM32F1xx_HAL_Driver/Src/stm32f1xx_hal_uart.c 0x00000000   Number         0  stm32f1xx_hal_uart.o ABSOLUTE
    ../Src/main.c                            0x00000000   Number         0  main.o ABSOLUTE
    ../Src/stm32f1xx_hal_msp.c               0x00000000   Number         0  stm32f1xx_hal_msp.o ABSOLUTE
    ../Src/stm32f1xx_it.c                    0x00000000   Number         0  stm32f1xx_it.o ABSOLUTE
    ../Src/system_stm32f1xx.c                0x00000000   Number         0  system_stm32f1xx.o ABSOLUTE
    ../clib/microlib/division.c              0x00000000   Number         0  uldiv.o ABSOLUTE
    ../clib/microlib/division.c              0x00000000   Number         0  uidiv.o ABSOLUTE
    ../clib/microlib/init/entry.s            0x00000000   Number         0  entry11a.o ABSOLUTE
    ../clib/microlib/init/entry.s            0x00000000   Number         0  entry8b.o ABSOLUTE
    ../clib/microlib/init/entry.s            0x00000000   Number         0  entry.o ABSOLUTE
    ../clib/microlib/init/entry.s            0x00000000   Number         0  entry11b.o ABSOLUTE
    ../clib/microlib/init/entry.s            0x00000000   Number         0  entry10b.o ABSOLUTE
    ../clib/microlib/init/entry.s            0x00000000   Number         0  entry10a.o ABSOLUTE
    ../clib/microlib/init/entry.s            0x00000000   Number         0  entry9b.o ABSOLUTE
    ../clib/microlib/init/entry.s            0x00000000   Number         0  entry9a.o ABSOLUTE
    ../clib/microlib/init/entry.s            0x00000000   Number         0  entry8a.o ABSOLUTE
    ../clib/microlib/init/entry.s            0x00000000   Number         0  entry7b.o ABSOLUTE
    ../clib/microlib/init/entry.s            0x00000000   Number         0  entry7a.o ABSOLUTE
    ../clib/microlib/init/entry.s            0x00000000   Number         0  entry5.o ABSOLUTE
    ../clib/microlib/init/entry.s            0x00000000   Number         0  entry2.o ABSOLUTE
    ../clib/microlib/longlong.c              0x00000000   Number         0  llushr.o ABSOLUTE
    ../clib/microlib/longlong.c              0x00000000   Number         0  llsshr.o ABSOLUTE
    ../clib/microlib/longlong.c              0x00000000   Number         0  llshl.o ABSOLUTE
    ../clib/microlib/printf/printf.c         0x00000000   Number         0  printfb.o ABSOLUTE
    ../clib/microlib/printf/printf.c         0x00000000   Number         0  printf0.o ABSOLUTE
    ../clib/microlib/printf/printf.c         0x00000000   Number         0  printfa.o ABSOLUTE
    ../clib/microlib/printf/printf.c         0x00000000   Number         0  printf8.o ABSOLUTE
    ../clib/microlib/printf/printf.c         0x00000000   Number         0  printf7.o ABSOLUTE
    ../clib/microlib/printf/printf.c         0x00000000   Number         0  printf6.o ABSOLUTE
    ../clib/microlib/printf/printf.c         0x00000000   Number         0  printf5.o ABSOLUTE
    ../clib/microlib/printf/printf.c         0x00000000   Number         0  printf4.o ABSOLUTE
    ../clib/microlib/printf/printf.c         0x00000000   Number         0  printf3.o ABSOLUTE
    ../clib/microlib/printf/printf.c         0x00000000   Number         0  printf2.o ABSOLUTE
    ../clib/microlib/printf/printf.c         0x00000000   Number         0  printf1.o ABSOLUTE
    ../clib/microlib/printf/stubs.s          0x00000000   Number         0  stubs.o ABSOLUTE
    ../clib/microlib/stdio/fputc.c           0x00000000   Number         0  fputc.o ABSOLUTE
    ../clib/microlib/stdio/semi.s            0x00000000   Number         0  semi.o ABSOLUTE
    ../clib/microlib/stdio/streams.c         0x00000000   Number         0  stdout.o ABSOLUTE
    ../clib/microlib/stubs.s                 0x00000000   Number         0  iusefp.o ABSOLUTE
    ../clib/microlib/stubs.s                 0x00000000   Number         0  iusesemip.o ABSOLUTE
    ../fplib/microlib/d2f.c                  0x00000000   Number         0  d2f.o ABSOLUTE
    ../fplib/microlib/f2d.c                  0x00000000   Number         0  f2d.o ABSOLUTE
    ../fplib/microlib/fpadd.c                0x00000000   Number         0  dadd.o ABSOLUTE
    ../fplib/microlib/fpdiv.c                0x00000000   Number         0  ddiv.o ABSOLUTE
    ../fplib/microlib/fpepilogue.c           0x00000000   Number         0  fepilogue.o ABSOLUTE
    ../fplib/microlib/fpepilogue.c           0x00000000   Number         0  depilogue.o ABSOLUTE
    ../fplib/microlib/fpfix.c                0x00000000   Number         0  ffixui.o ABSOLUTE
    ../fplib/microlib/fpfix.c                0x00000000   Number         0  dfixul.o ABSOLUTE
    ../fplib/microlib/fpflt.c                0x00000000   Number         0  ffltui.o ABSOLUTE
    ../fplib/microlib/fpmul.c                0x00000000   Number         0  dmul.o ABSOLUTE
    ..\Drivers\STM32F1xx_HAL_Driver\Src\stm32f1xx_hal.c 0x00000000   Number         0  stm32f1xx_hal.o ABSOLUTE
    ..\Drivers\STM32F1xx_HAL_Driver\Src\stm32f1xx_hal_adc.c 0x00000000   Number         0  stm32f1xx_hal_adc.o ABSOLUTE
    ..\Drivers\STM32F1xx_HAL_Driver\Src\stm32f1xx_hal_adc_ex.c 0x00000000   Number         0  stm32f1xx_hal_adc_ex.o ABSOLUTE
    ..\Drivers\STM32F1xx_HAL_Driver\Src\stm32f1xx_hal_cortex.c 0x00000000   Number         0  stm32f1xx_hal_cortex.o ABSOLUTE
    ..\Drivers\STM32F1xx_HAL_Driver\Src\stm32f1xx_hal_dma.c 0x00000000   Number         0  stm32f1xx_hal_dma.o ABSOLUTE
    ..\Drivers\STM32F1xx_HAL_Driver\Src\stm32f1xx_hal_flash.c 0x00000000   Number         0  stm32f1xx_hal_flash.o ABSOLUTE
    ..\Drivers\STM32F1xx_HAL_Driver\Src\stm32f1xx_hal_flash_ex.c 0x00000000   Number         0  stm32f1xx_hal_flash_ex.o ABSOLUTE
    ..\Drivers\STM32F1xx_HAL_Driver\Src\stm32f1xx_hal_gpio.c 0x00000000   Number         0  stm32f1xx_hal_gpio.o ABSOLUTE
    ..\Drivers\STM32F1xx_HAL_Driver\Src\stm32f1xx_hal_gpio_ex.c 0x00000000   Number         0  stm32f1xx_hal_gpio_ex.o ABSOLUTE
    ..\Drivers\STM32F1xx_HAL_Driver\Src\stm32f1xx_hal_pwr.c 0x00000000   Number         0  stm32f1xx_hal_pwr.o ABSOLUTE
    ..\Drivers\STM32F1xx_HAL_Driver\Src\stm32f1xx_hal_rcc.c 0x00000000   Number         0  stm32f1xx_hal_rcc.o ABSOLUTE
    ..\Drivers\STM32F1xx_HAL_Driver\Src\stm32f1xx_hal_rcc_ex.c 0x00000000   Number         0  stm32f1xx_hal_rcc_ex.o ABSOLUTE
    ..\Drivers\STM32F1xx_HAL_Driver\Src\stm32f1xx_hal_tim.c 0x00000000   Number         0  stm32f1xx_hal_tim.o ABSOLUTE
    ..\Drivers\STM32F1xx_HAL_Driver\Src\stm32f1xx_hal_tim_ex.c 0x00000000   Number         0  stm32f1xx_hal_tim_ex.o ABSOLUTE
    ..\Drivers\STM32F1xx_HAL_Driver\Src\stm32f1xx_hal_uart.c 0x00000000   Number         0  stm32f1xx_hal_uart.o ABSOLUTE
    ..\Src\main.c                            0x00000000   Number         0  main.o ABSOLUTE
    ..\Src\mask.c                            0x00000000   Number         0  mask.o ABSOLUTE
    ..\Src\stm32f1xx_hal_msp.c               0x00000000   Number         0  stm32f1xx_hal_msp.o ABSOLUTE
    ..\Src\stm32f1xx_it.c                    0x00000000   Number         0  stm32f1xx_it.o ABSOLUTE
    ..\Src\system_stm32f1xx.c                0x00000000   Number         0  system_stm32f1xx.o ABSOLUTE
    ..\\Src\\mask.c                          0x00000000   Number         0  mask.o ABSOLUTE
    cdrcmple.s                               0x00000000   Number         0  cdrcmple.o ABSOLUTE
    dc.s                                     0x00000000   Number         0  dc.o ABSOLUTE
    handlers.s                               0x00000000   Number         0  handlers.o ABSOLUTE
    init.s                                   0x00000000   Number         0  init.o ABSOLUTE
    startup_stm32f103xb.s                    0x00000000   Number         0  startup_stm32f103xb.o ABSOLUTE
    RESET                                    0x08000000   Section      236  startup_stm32f103xb.o(RESET)
    .ARM.Collect$$$$00000000                 0x080000ec   Section        0  entry.o(.ARM.Collect$$$$00000000)
    .ARM.Collect$$$$00000001                 0x080000ec   Section        4  entry2.o(.ARM.Collect$$$$00000001)
    .ARM.Collect$$$$00000004                 0x080000f0   Section        4  entry5.o(.ARM.Collect$$$$00000004)
    .ARM.Collect$$$$00000008                 0x080000f4   Section        0  entry7b.o(.ARM.Collect$$$$00000008)
    .ARM.Collect$$$$0000000A                 0x080000f4   Section        0  entry8b.o(.ARM.Collect$$$$0000000A)
    .ARM.Collect$$$$0000000B                 0x080000f4   Section        8  entry9a.o(.ARM.Collect$$$$0000000B)
    .ARM.Collect$$$$0000000D                 0x080000fc   Section        0  entry10a.o(.ARM.Collect$$$$0000000D)
    .ARM.Collect$$$$0000000F                 0x080000fc   Section        0  entry11a.o(.ARM.Collect$$$$0000000F)
    .ARM.Collect$$$$00002712                 0x080000fc   Section        4  entry2.o(.ARM.Collect$$$$00002712)
    __lit__00000000                          0x080000fc   Data           4  entry2.o(.ARM.Collect$$$$00002712)
    .text                                    0x08000100   Section       36  startup_stm32f103xb.o(.text)
    .text                                    0x08000124   Section        0  llushr.o(.text)
    .text                                    0x08000144   Section        0  dadd.o(.text)
    .text                                    0x08000292   Section        0  dmul.o(.text)
    .text                                    0x08000376   Section        0  ddiv.o(.text)
    .text                                    0x08000454   Section        0  ffltui.o(.text)
    .text                                    0x0800045e   Section        0  ffixui.o(.text)
    .text                                    0x08000486   Section        0  f2d.o(.text)
    .text                                    0x080004ac   Section        0  d2f.o(.text)
    .text                                    0x080004e4   Section        0  uidiv.o(.text)
    .text                                    0x08000510   Section        0  llshl.o(.text)
    .text                                    0x0800052e   Section        0  llsshr.o(.text)
    .text                                    0x08000552   Section        0  iusefp.o(.text)
    .text                                    0x08000552   Section        0  fepilogue.o(.text)
    .text                                    0x080005c0   Section        0  depilogue.o(.text)
    .text                                    0x0800067c   Section       36  init.o(.text)
    i.ADC1_2_IRQHandler                      0x080006a0   Section        0  stm32f1xx_it.o(i.ADC1_2_IRQHandler)
    i.ADC_ConversionStop_Disable             0x080006b0   Section        0  stm32f1xx_hal_adc.o(i.ADC_ConversionStop_Disable)
    i.ADC_DMAConvCplt                        0x08000702   Section        0  stm32f1xx_hal_adc.o(i.ADC_DMAConvCplt)
    i.ADC_DMAError                           0x08000754   Section        0  stm32f1xx_hal_adc.o(i.ADC_DMAError)
    i.ADC_DMAHalfConvCplt                    0x08000772   Section        0  stm32f1xx_hal_adc.o(i.ADC_DMAHalfConvCplt)
    i.ADC_Enable                             0x08000780   Section        0  stm32f1xx_hal_adc.o(i.ADC_Enable)
    i.BT_PowerOn                             0x08000804   Section        0  mask.o(i.BT_PowerOn)
    i.Blink_Led_Blue                         0x08000818   Section        0  mask.o(i.Blink_Led_Blue)
    i.Blink_led_Red                          0x08000850   Section        0  mask.o(i.Blink_led_Red)
    i.BusFault_Handler                       0x08000888   Section        0  stm32f1xx_it.o(i.BusFault_Handler)
    i.DMA1_Channel1_IRQHandler               0x0800088c   Section        0  stm32f1xx_it.o(i.DMA1_Channel1_IRQHandler)
    i.DMA1_Channel6_IRQHandler               0x0800089c   Section        0  stm32f1xx_it.o(i.DMA1_Channel6_IRQHandler)
    i.DMA1_Channel7_IRQHandler               0x080008ac   Section        0  stm32f1xx_it.o(i.DMA1_Channel7_IRQHandler)
    i.DMA_SetConfig                          0x080008bc   Section        0  stm32f1xx_hal_dma.o(i.DMA_SetConfig)
    DMA_SetConfig                            0x080008bd   Thumb Code    44  stm32f1xx_hal_dma.o(i.DMA_SetConfig)
    i.DebugMon_Handler                       0x080008e8   Section        0  stm32f1xx_it.o(i.DebugMon_Handler)
    i.HAL_ADCEx_InjectedConvCpltCallback     0x080008ea   Section        0  stm32f1xx_hal_adc_ex.o(i.HAL_ADCEx_InjectedConvCpltCallback)
    i.HAL_ADC_ConfigChannel                  0x080008ec   Section        0  stm32f1xx_hal_adc.o(i.HAL_ADC_ConfigChannel)
    i.HAL_ADC_ConvCpltCallback               0x08000a4c   Section        0  main.o(i.HAL_ADC_ConvCpltCallback)
    i.HAL_ADC_ConvHalfCpltCallback           0x08000a80   Section        0  stm32f1xx_hal_adc.o(i.HAL_ADC_ConvHalfCpltCallback)
    i.HAL_ADC_ErrorCallback                  0x08000a82   Section        0  stm32f1xx_hal_adc.o(i.HAL_ADC_ErrorCallback)
    i.HAL_ADC_IRQHandler                     0x08000a84   Section        0  stm32f1xx_hal_adc.o(i.HAL_ADC_IRQHandler)
    i.HAL_ADC_Init                           0x08000ba8   Section        0  stm32f1xx_hal_adc.o(i.HAL_ADC_Init)
    i.HAL_ADC_LevelOutOfWindowCallback       0x08000cec   Section        0  stm32f1xx_hal_adc.o(i.HAL_ADC_LevelOutOfWindowCallback)
    i.HAL_ADC_MspInit                        0x08000cf0   Section        0  stm32f1xx_hal_msp.o(i.HAL_ADC_MspInit)
    i.HAL_ADC_Start_DMA                      0x08000dac   Section        0  stm32f1xx_hal_adc.o(i.HAL_ADC_Start_DMA)
    i.HAL_DMA_Abort_IT                       0x08000f2c   Section        0  stm32f1xx_hal_dma.o(i.HAL_DMA_Abort_IT)
    i.HAL_DMA_IRQHandler                     0x08000fdc   Section        0  stm32f1xx_hal_dma.o(i.HAL_DMA_IRQHandler)
    i.HAL_DMA_Init                           0x08001178   Section        0  stm32f1xx_hal_dma.o(i.HAL_DMA_Init)
    i.HAL_DMA_Start_IT                       0x080011e8   Section        0  stm32f1xx_hal_dma.o(i.HAL_DMA_Start_IT)
    i.HAL_Delay                              0x08001284   Section        0  stm32f1xx_hal.o(i.HAL_Delay)
    i.HAL_GPIO_Init                          0x080012a4   Section        0  stm32f1xx_hal_gpio.o(i.HAL_GPIO_Init)
    i.HAL_GPIO_ReadPin                       0x080015c0   Section        0  stm32f1xx_hal_gpio.o(i.HAL_GPIO_ReadPin)
    i.HAL_GPIO_WritePin                      0x080015d0   Section        0  stm32f1xx_hal_gpio.o(i.HAL_GPIO_WritePin)
    i.HAL_GetTick                            0x080015dc   Section        0  stm32f1xx_hal.o(i.HAL_GetTick)
    i.HAL_IncTick                            0x080015e8   Section        0  stm32f1xx_hal.o(i.HAL_IncTick)
    i.HAL_Init                               0x080015f8   Section        0  stm32f1xx_hal.o(i.HAL_Init)
    i.HAL_InitTick                           0x08001620   Section        0  stm32f1xx_hal.o(i.HAL_InitTick)
    i.HAL_MspInit                            0x08001648   Section        0  stm32f1xx_hal_msp.o(i.HAL_MspInit)
    i.HAL_NVIC_EnableIRQ                     0x080016dc   Section        0  stm32f1xx_hal_cortex.o(i.HAL_NVIC_EnableIRQ)
    i.HAL_NVIC_SetPriority                   0x080016f6   Section        0  stm32f1xx_hal_cortex.o(i.HAL_NVIC_SetPriority)
    i.HAL_NVIC_SetPriorityGrouping           0x08001774   Section        0  stm32f1xx_hal_cortex.o(i.HAL_NVIC_SetPriorityGrouping)
    i.HAL_PWR_EnterSTANDBYMode               0x0800179c   Section        0  stm32f1xx_hal_pwr.o(i.HAL_PWR_EnterSTANDBYMode)
    i.HAL_RCCEx_PeriphCLKConfig              0x080017c4   Section        0  stm32f1xx_hal_rcc_ex.o(i.HAL_RCCEx_PeriphCLKConfig)
    i.HAL_RCC_ClockConfig                    0x080018f4   Section        0  stm32f1xx_hal_rcc.o(i.HAL_RCC_ClockConfig)
    i.HAL_RCC_GetHCLKFreq                    0x08001a98   Section        0  stm32f1xx_hal_rcc.o(i.HAL_RCC_GetHCLKFreq)
    i.HAL_RCC_GetPCLK1Freq                   0x08001aa4   Section        0  stm32f1xx_hal_rcc.o(i.HAL_RCC_GetPCLK1Freq)
    i.HAL_RCC_GetPCLK2Freq                   0x08001ac4   Section        0  stm32f1xx_hal_rcc.o(i.HAL_RCC_GetPCLK2Freq)
    i.HAL_RCC_GetSysClockFreq                0x08001ae4   Section        0  stm32f1xx_hal_rcc.o(i.HAL_RCC_GetSysClockFreq)
    i.HAL_RCC_OscConfig                      0x08001b80   Section        0  stm32f1xx_hal_rcc.o(i.HAL_RCC_OscConfig)
    i.HAL_SYSTICK_CLKSourceConfig            0x08001fc0   Section        0  stm32f1xx_hal_cortex.o(i.HAL_SYSTICK_CLKSourceConfig)
    i.HAL_SYSTICK_Callback                   0x08001fe8   Section        0  stm32f1xx_hal_cortex.o(i.HAL_SYSTICK_Callback)
    i.HAL_SYSTICK_Config                     0x08001fea   Section        0  stm32f1xx_hal_cortex.o(i.HAL_SYSTICK_Config)
    i.HAL_SYSTICK_IRQHandler                 0x0800201e   Section        0  stm32f1xx_hal_cortex.o(i.HAL_SYSTICK_IRQHandler)
    i.HAL_TIMEx_ConfigBreakDeadTime          0x08002026   Section        0  stm32f1xx_hal_tim_ex.o(i.HAL_TIMEx_ConfigBreakDeadTime)
    i.HAL_TIMEx_MasterConfigSynchronization  0x080020a4   Section        0  stm32f1xx_hal_tim_ex.o(i.HAL_TIMEx_MasterConfigSynchronization)
    i.HAL_TIM_Base_Init                      0x08002106   Section        0  stm32f1xx_hal_tim.o(i.HAL_TIM_Base_Init)
    i.HAL_TIM_Base_MspInit                   0x0800213c   Section        0  stm32f1xx_hal_msp.o(i.HAL_TIM_Base_MspInit)
    i.HAL_TIM_ConfigClockSource              0x080021e0   Section        0  stm32f1xx_hal_tim.o(i.HAL_TIM_ConfigClockSource)
    i.HAL_TIM_MspPostInit                    0x08002314   Section        0  stm32f1xx_hal_msp.o(i.HAL_TIM_MspPostInit)
    i.HAL_TIM_PWM_ConfigChannel              0x080023e4   Section        0  stm32f1xx_hal_tim.o(i.HAL_TIM_PWM_ConfigChannel)
    i.HAL_TIM_PWM_Init                       0x080024ec   Section        0  stm32f1xx_hal_tim.o(i.HAL_TIM_PWM_Init)
    i.HAL_TIM_PWM_MspInit                    0x08002520   Section        0  stm32f1xx_hal_tim.o(i.HAL_TIM_PWM_MspInit)
    i.HAL_TIM_PWM_Start                      0x08002524   Section        0  stm32f1xx_hal_tim.o(i.HAL_TIM_PWM_Start)
    i.HAL_UART_ErrorCallback                 0x08002564   Section        0  stm32f1xx_hal_uart.o(i.HAL_UART_ErrorCallback)
    i.HAL_UART_IRQHandler                    0x08002568   Section        0  stm32f1xx_hal_uart.o(i.HAL_UART_IRQHandler)
    i.HAL_UART_Init                          0x080026b4   Section        0  stm32f1xx_hal_uart.o(i.HAL_UART_Init)
    i.HAL_UART_MspInit                       0x08002728   Section        0  stm32f1xx_hal_msp.o(i.HAL_UART_MspInit)
    i.HAL_UART_Receive_DMA                   0x08002838   Section        0  stm32f1xx_hal_uart.o(i.HAL_UART_Receive_DMA)
    i.HAL_UART_RxCpltCallback                0x080028fc   Section        0  stm32f1xx_hal_uart.o(i.HAL_UART_RxCpltCallback)
    i.HAL_UART_RxHalfCpltCallback            0x080028fe   Section        0  stm32f1xx_hal_uart.o(i.HAL_UART_RxHalfCpltCallback)
    i.HAL_UART_Transmit_DMA                  0x08002900   Section        0  stm32f1xx_hal_uart.o(i.HAL_UART_Transmit_DMA)
    i.HAL_UART_TxCpltCallback                0x0800299c   Section        0  stm32f1xx_hal_uart.o(i.HAL_UART_TxCpltCallback)
    i.HAL_UART_TxHalfCpltCallback            0x0800299e   Section        0  stm32f1xx_hal_uart.o(i.HAL_UART_TxHalfCpltCallback)
    i.HardFault_Handler                      0x080029a0   Section        0  stm32f1xx_it.o(i.HardFault_Handler)
    i.MX_ADC1_Init                           0x080029a4   Section        0  main.o(i.MX_ADC1_Init)
    MX_ADC1_Init                             0x080029a5   Thumb Code   118  main.o(i.MX_ADC1_Init)
    i.MX_DMA_Init                            0x08002a34   Section        0  main.o(i.MX_DMA_Init)
    MX_DMA_Init                              0x08002a35   Thumb Code    80  main.o(i.MX_DMA_Init)
    i.MX_GPIO_Init                           0x08002a88   Section        0  main.o(i.MX_GPIO_Init)
    MX_GPIO_Init                             0x08002a89   Thumb Code   270  main.o(i.MX_GPIO_Init)
    i.MX_TIM1_Init                           0x08002bac   Section        0  main.o(i.MX_TIM1_Init)
    MX_TIM1_Init                             0x08002bad   Thumb Code   278  main.o(i.MX_TIM1_Init)
    i.MX_TIM2_Init                           0x08002cdc   Section        0  main.o(i.MX_TIM2_Init)
    MX_TIM2_Init                             0x08002cdd   Thumb Code   230  main.o(i.MX_TIM2_Init)
    i.MX_TIM3_Init                           0x08002dd8   Section        0  main.o(i.MX_TIM3_Init)
    MX_TIM3_Init                             0x08002dd9   Thumb Code   228  main.o(i.MX_TIM3_Init)
    i.MX_TIM4_Init                           0x08002ed4   Section        0  main.o(i.MX_TIM4_Init)
    MX_TIM4_Init                             0x08002ed5   Thumb Code   228  main.o(i.MX_TIM4_Init)
    i.MX_USART2_UART_Init                    0x08002fd0   Section        0  main.o(i.MX_USART2_UART_Init)
    MX_USART2_UART_Init                      0x08002fd1   Thumb Code    52  main.o(i.MX_USART2_UART_Init)
    i.MemManage_Handler                      0x0800301c   Section        0  stm32f1xx_it.o(i.MemManage_Handler)
    i.NMI_Handler                            0x08003020   Section        0  stm32f1xx_it.o(i.NMI_Handler)
    i.NVIC_GetPriorityGrouping               0x08003024   Section        0  stm32f1xx_hal_cortex.o(i.NVIC_GetPriorityGrouping)
    NVIC_GetPriorityGrouping                 0x08003025   Thumb Code    10  stm32f1xx_hal_cortex.o(i.NVIC_GetPriorityGrouping)
    i.NVIC_SetPriority                       0x08003034   Section        0  stm32f1xx_hal_cortex.o(i.NVIC_SetPriority)
    NVIC_SetPriority                         0x08003035   Thumb Code    32  stm32f1xx_hal_cortex.o(i.NVIC_SetPriority)
    i.PendSV_Handler                         0x0800305c   Section        0  stm32f1xx_it.o(i.PendSV_Handler)
    i.PowerOn                                0x08003060   Section        0  mask.o(i.PowerOn)
    i.Power_OFF                              0x080030bc   Section        0  mask.o(i.Power_OFF)
    i.Power_off2                             0x08003110   Section        0  mask.o(i.Power_off2)
    i.RCC_Delay                              0x08003138   Section        0  stm32f1xx_hal_rcc.o(i.RCC_Delay)
    RCC_Delay                                0x08003139   Thumb Code    36  stm32f1xx_hal_rcc.o(i.RCC_Delay)
    i.Read_Temp                              0x08003160   Section        0  mask.o(i.Read_Temp)
    i.SVC_Handler                            0x080031f0   Section        0  stm32f1xx_it.o(i.SVC_Handler)
    i.SysTick_Handler                        0x080031f2   Section        0  stm32f1xx_it.o(i.SysTick_Handler)
    i.SystemClock_Config                     0x08003200   Section        0  main.o(i.SystemClock_Config)
    i.SystemInit                             0x080032b0   Section        0  system_stm32f1xx.o(i.SystemInit)
    i.TIM_Base_SetConfig                     0x08003308   Section        0  stm32f1xx_hal_tim.o(i.TIM_Base_SetConfig)
    i.TIM_CCxChannelCmd                      0x0800337c   Section        0  stm32f1xx_hal_tim.o(i.TIM_CCxChannelCmd)
    i.TIM_ETR_SetConfig                      0x08003398   Section        0  stm32f1xx_hal_tim.o(i.TIM_ETR_SetConfig)
    TIM_ETR_SetConfig                        0x08003399   Thumb Code    24  stm32f1xx_hal_tim.o(i.TIM_ETR_SetConfig)
    i.TIM_ITRx_SetConfig                     0x080033b0   Section        0  stm32f1xx_hal_tim.o(i.TIM_ITRx_SetConfig)
    TIM_ITRx_SetConfig                       0x080033b1   Thumb Code    20  stm32f1xx_hal_tim.o(i.TIM_ITRx_SetConfig)
    i.TIM_OC1_SetConfig                      0x080033c4   Section        0  stm32f1xx_hal_tim.o(i.TIM_OC1_SetConfig)
    TIM_OC1_SetConfig                        0x080033c5   Thumb Code    96  stm32f1xx_hal_tim.o(i.TIM_OC1_SetConfig)
    i.TIM_OC2_SetConfig                      0x08003428   Section        0  stm32f1xx_hal_tim.o(i.TIM_OC2_SetConfig)
    i.TIM_OC3_SetConfig                      0x08003498   Section        0  stm32f1xx_hal_tim.o(i.TIM_OC3_SetConfig)
    TIM_OC3_SetConfig                        0x08003499   Thumb Code   104  stm32f1xx_hal_tim.o(i.TIM_OC3_SetConfig)
    i.TIM_OC4_SetConfig                      0x08003504   Section        0  stm32f1xx_hal_tim.o(i.TIM_OC4_SetConfig)
    TIM_OC4_SetConfig                        0x08003505   Thumb Code    74  stm32f1xx_hal_tim.o(i.TIM_OC4_SetConfig)
    i.TIM_TI1_ConfigInputStage               0x08003554   Section        0  stm32f1xx_hal_tim.o(i.TIM_TI1_ConfigInputStage)
    TIM_TI1_ConfigInputStage                 0x08003555   Thumb Code    42  stm32f1xx_hal_tim.o(i.TIM_TI1_ConfigInputStage)
    i.TIM_TI2_ConfigInputStage               0x0800357e   Section        0  stm32f1xx_hal_tim.o(i.TIM_TI2_ConfigInputStage)
    TIM_TI2_ConfigInputStage                 0x0800357f   Thumb Code    44  stm32f1xx_hal_tim.o(i.TIM_TI2_ConfigInputStage)
    i.UART_DMAAbortOnError                   0x080035aa   Section        0  stm32f1xx_hal_uart.o(i.UART_DMAAbortOnError)
    UART_DMAAbortOnError                     0x080035ab   Thumb Code    20  stm32f1xx_hal_uart.o(i.UART_DMAAbortOnError)
    i.UART_DMAError                          0x080035be   Section        0  stm32f1xx_hal_uart.o(i.UART_DMAError)
    UART_DMAError                            0x080035bf   Thumb Code    80  stm32f1xx_hal_uart.o(i.UART_DMAError)
    i.UART_DMAReceiveCplt                    0x0800360e   Section        0  stm32f1xx_hal_uart.o(i.UART_DMAReceiveCplt)
    UART_DMAReceiveCplt                      0x0800360f   Thumb Code    70  stm32f1xx_hal_uart.o(i.UART_DMAReceiveCplt)
    i.UART_DMARxHalfCplt                     0x08003654   Section        0  stm32f1xx_hal_uart.o(i.UART_DMARxHalfCplt)
    UART_DMARxHalfCplt                       0x08003655   Thumb Code    14  stm32f1xx_hal_uart.o(i.UART_DMARxHalfCplt)
    i.UART_DMATransmitCplt                   0x08003662   Section        0  stm32f1xx_hal_uart.o(i.UART_DMATransmitCplt)
    UART_DMATransmitCplt                     0x08003663   Thumb Code    54  stm32f1xx_hal_uart.o(i.UART_DMATransmitCplt)
    i.UART_DMATxHalfCplt                     0x08003698   Section        0  stm32f1xx_hal_uart.o(i.UART_DMATxHalfCplt)
    UART_DMATxHalfCplt                       0x08003699   Thumb Code    14  stm32f1xx_hal_uart.o(i.UART_DMATxHalfCplt)
    i.UART_EndRxTransfer                     0x080036a6   Section        0  stm32f1xx_hal_uart.o(i.UART_EndRxTransfer)
    UART_EndRxTransfer                       0x080036a7   Thumb Code    32  stm32f1xx_hal_uart.o(i.UART_EndRxTransfer)
    i.UART_EndTransmit_IT                    0x080036c6   Section        0  stm32f1xx_hal_uart.o(i.UART_EndTransmit_IT)
    UART_EndTransmit_IT                      0x080036c7   Thumb Code    32  stm32f1xx_hal_uart.o(i.UART_EndTransmit_IT)
    i.UART_EndTxTransfer                     0x080036e6   Section        0  stm32f1xx_hal_uart.o(i.UART_EndTxTransfer)
    UART_EndTxTransfer                       0x080036e7   Thumb Code    20  stm32f1xx_hal_uart.o(i.UART_EndTxTransfer)
    i.UART_Receive_IT                        0x080036fa   Section        0  stm32f1xx_hal_uart.o(i.UART_Receive_IT)
    UART_Receive_IT                          0x080036fb   Thumb Code   166  stm32f1xx_hal_uart.o(i.UART_Receive_IT)
    i.UART_SetConfig                         0x080037a0   Section        0  stm32f1xx_hal_uart.o(i.UART_SetConfig)
    UART_SetConfig                           0x080037a1   Thumb Code   450  stm32f1xx_hal_uart.o(i.UART_SetConfig)
    i.UART_Transmit_IT                       0x08003968   Section        0  stm32f1xx_hal_uart.o(i.UART_Transmit_IT)
    UART_Transmit_IT                         0x08003969   Thumb Code   104  stm32f1xx_hal_uart.o(i.UART_Transmit_IT)
    i.USART2_IRQHandler                      0x080039d0   Section        0  stm32f1xx_it.o(i.USART2_IRQHandler)
    i.UsageFault_Handler                     0x080039e0   Section        0  stm32f1xx_it.o(i.UsageFault_Handler)
    i._Error_Handler                         0x080039e4   Section        0  main.o(i._Error_Handler)
    i.__0sprintf$1                           0x080039e8   Section        0  printf1.o(i.__0sprintf$1)
    i.__scatterload_copy                     0x08003a10   Section       14  handlers.o(i.__scatterload_copy)
    i.__scatterload_null                     0x08003a1e   Section        2  handlers.o(i.__scatterload_null)
    i.__scatterload_zeroinit                 0x08003a20   Section       14  handlers.o(i.__scatterload_zeroinit)
    i._printf_core                           0x08003a30   Section        0  printf1.o(i._printf_core)
    _printf_core                             0x08003a31   Thumb Code   336  printf1.o(i._printf_core)
    i._sputc                                 0x08003b84   Section        0  printf1.o(i._sputc)
    _sputc                                   0x08003b85   Thumb Code    10  printf1.o(i._sputc)
    i.main                                   0x08003b90   Section        0  main.o(i.main)
    .constdata                               0x08004d14   Section       24  system_stm32f1xx.o(.constdata)
    .data                                    0x20000000   Section        4  stm32f1xx_hal.o(.data)
    .data                                    0x20000004   Section      264  main.o(.data)
    .data                                    0x2000010c   Section        9  mask.o(.data)
    .data                                    0x20000118   Section        4  system_stm32f1xx.o(.data)
    .bss                                     0x2000011c   Section      583  main.o(.bss)
    STACK                                    0x20000368   Section     1024  startup_stm32f103xb.o(STACK)

    Global Symbols

    Symbol Name                              Value     Ov Type        Size  Object(Section)

    BuildAttributes$$THM_ISAv4$P$D$K$B$S$PE$A:L22UL41UL21$X:L11$S22US41US21$IEEE1$IW$USESV6$~STKCKD$USESV7$~SHL$OTIME$ROPI$EBA8$MICROLIB$REQ8$PRES8$EABIv2 0x00000000   Number         0  anon$$obj.o ABSOLUTE
    __ARM_use_no_argv                        0x00000000   Number         0  main.o ABSOLUTE
    _printf_a                                0x00000000   Number         0  stubs.o ABSOLUTE
    _printf_c                                0x00000000   Number         0  stubs.o ABSOLUTE
    _printf_charcount                        0x00000000   Number         0  stubs.o ABSOLUTE
    _printf_d                                0x00000000   Number         0  stubs.o ABSOLUTE
    _printf_e                                0x00000000   Number         0  stubs.o ABSOLUTE
    _printf_f                                0x00000000   Number         0  stubs.o ABSOLUTE
    _printf_flags                            0x00000000   Number         0  stubs.o ABSOLUTE
    _printf_fp_dec                           0x00000000   Number         0  stubs.o ABSOLUTE
    _printf_fp_hex                           0x00000000   Number         0  stubs.o ABSOLUTE
    _printf_g                                0x00000000   Number         0  stubs.o ABSOLUTE
    _printf_i                                0x00000000   Number         0  stubs.o ABSOLUTE
    _printf_int_dec                          0x00000000   Number         0  stubs.o ABSOLUTE
    _printf_l                                0x00000000   Number         0  stubs.o ABSOLUTE
    _printf_lc                               0x00000000   Number         0  stubs.o ABSOLUTE
    _printf_ll                               0x00000000   Number         0  stubs.o ABSOLUTE
    _printf_lld                              0x00000000   Number         0  stubs.o ABSOLUTE
    _printf_lli                              0x00000000   Number         0  stubs.o ABSOLUTE
    _printf_llo                              0x00000000   Number         0  stubs.o ABSOLUTE
    _printf_llu                              0x00000000   Number         0  stubs.o ABSOLUTE
    _printf_llx                              0x00000000   Number         0  stubs.o ABSOLUTE
    _printf_longlong_dec                     0x00000000   Number         0  stubs.o ABSOLUTE
    _printf_longlong_hex                     0x00000000   Number         0  stubs.o ABSOLUTE
    _printf_longlong_oct                     0x00000000   Number         0  stubs.o ABSOLUTE
    _printf_ls                               0x00000000   Number         0  stubs.o ABSOLUTE
    _printf_mbtowc                           0x00000000   Number         0  stubs.o ABSOLUTE
    _printf_n                                0x00000000   Number         0  stubs.o ABSOLUTE
    _printf_o                                0x00000000   Number         0  stubs.o ABSOLUTE
    _printf_p                                0x00000000   Number         0  stubs.o ABSOLUTE
    _printf_percent                          0x00000000   Number         0  stubs.o ABSOLUTE
    _printf_pre_padding                      0x00000000   Number         0  stubs.o ABSOLUTE
    _printf_return_value                     0x00000000   Number         0  stubs.o ABSOLUTE
    _printf_s                                0x00000000   Number         0  stubs.o ABSOLUTE
    _printf_sizespec                         0x00000000   Number         0  stubs.o ABSOLUTE
    _printf_str                              0x00000000   Number         0  stubs.o ABSOLUTE
    _printf_truncate_signed                  0x00000000   Number         0  stubs.o ABSOLUTE
    _printf_truncate_unsigned                0x00000000   Number         0  stubs.o ABSOLUTE
    _printf_u                                0x00000000   Number         0  stubs.o ABSOLUTE
    _printf_wc                               0x00000000   Number         0  stubs.o ABSOLUTE
    _printf_wctomb                           0x00000000   Number         0  stubs.o ABSOLUTE
    _printf_widthprec                        0x00000000   Number         0  stubs.o ABSOLUTE
    _printf_x                                0x00000000   Number         0  stubs.o ABSOLUTE
    __cpp_initialize__aeabi_                  - Undefined Weak Reference
    __cxa_finalize                            - Undefined Weak Reference
    __decompress                              - Undefined Weak Reference
    _clock_init                               - Undefined Weak Reference
    _microlib_exit                            - Undefined Weak Reference
    __Vectors_Size                           0x000000ec   Number         0  startup_stm32f103xb.o ABSOLUTE
    __Vectors                                0x08000000   Data           4  startup_stm32f103xb.o(RESET)
    __Vectors_End                            0x080000ec   Data           0  startup_stm32f103xb.o(RESET)
    __main                                   0x080000ed   Thumb Code     0  entry.o(.ARM.Collect$$$$00000000)
    _main_stk                                0x080000ed   Thumb Code     0  entry2.o(.ARM.Collect$$$$00000001)
    _main_scatterload                        0x080000f1   Thumb Code     0  entry5.o(.ARM.Collect$$$$00000004)
    __main_after_scatterload                 0x080000f5   Thumb Code     0  entry5.o(.ARM.Collect$$$$00000004)
    _main_clock                              0x080000f5   Thumb Code     0  entry7b.o(.ARM.Collect$$$$00000008)
    _main_cpp_init                           0x080000f5   Thumb Code     0  entry8b.o(.ARM.Collect$$$$0000000A)
    _main_init                               0x080000f5   Thumb Code     0  entry9a.o(.ARM.Collect$$$$0000000B)
    __rt_final_cpp                           0x080000fd   Thumb Code     0  entry10a.o(.ARM.Collect$$$$0000000D)
    __rt_final_exit                          0x080000fd   Thumb Code     0  entry11a.o(.ARM.Collect$$$$0000000F)
    Reset_Handler                            0x08000101   Thumb Code     8  startup_stm32f103xb.o(.text)
    CAN1_RX1_IRQHandler                      0x0800011b   Thumb Code     0  startup_stm32f103xb.o(.text)
    CAN1_SCE_IRQHandler                      0x0800011b   Thumb Code     0  startup_stm32f103xb.o(.text)
    DMA1_Channel2_IRQHandler                 0x0800011b   Thumb Code     0  startup_stm32f103xb.o(.text)
    DMA1_Channel3_IRQHandler                 0x0800011b   Thumb Code     0  startup_stm32f103xb.o(.text)
    DMA1_Channel4_IRQHandler                 0x0800011b   Thumb Code     0  startup_stm32f103xb.o(.text)
    DMA1_Channel5_IRQHandler                 0x0800011b   Thumb Code     0  startup_stm32f103xb.o(.text)
    EXTI0_IRQHandler                         0x0800011b   Thumb Code     0  startup_stm32f103xb.o(.text)
    EXTI15_10_IRQHandler                     0x0800011b   Thumb Code     0  startup_stm32f103xb.o(.text)
    EXTI1_IRQHandler                         0x0800011b   Thumb Code     0  startup_stm32f103xb.o(.text)
    EXTI2_IRQHandler                         0x0800011b   Thumb Code     0  startup_stm32f103xb.o(.text)
    EXTI3_IRQHandler                         0x0800011b   Thumb Code     0  startup_stm32f103xb.o(.text)
    EXTI4_IRQHandler                         0x0800011b   Thumb Code     0  startup_stm32f103xb.o(.text)
    EXTI9_5_IRQHandler                       0x0800011b   Thumb Code     0  startup_stm32f103xb.o(.text)
    FLASH_IRQHandler                         0x0800011b   Thumb Code     0  startup_stm32f103xb.o(.text)
    I2C1_ER_IRQHandler                       0x0800011b   Thumb Code     0  startup_stm32f103xb.o(.text)
    I2C1_EV_IRQHandler                       0x0800011b   Thumb Code     0  startup_stm32f103xb.o(.text)
    I2C2_ER_IRQHandler                       0x0800011b   Thumb Code     0  startup_stm32f103xb.o(.text)
    I2C2_EV_IRQHandler                       0x0800011b   Thumb Code     0  startup_stm32f103xb.o(.text)
    PVD_IRQHandler                           0x0800011b   Thumb Code     0  startup_stm32f103xb.o(.text)
    RCC_IRQHandler                           0x0800011b   Thumb Code     0  startup_stm32f103xb.o(.text)
    RTC_Alarm_IRQHandler                     0x0800011b   Thumb Code     0  startup_stm32f103xb.o(.text)
    RTC_IRQHandler                           0x0800011b   Thumb Code     0  startup_stm32f103xb.o(.text)
    SPI1_IRQHandler                          0x0800011b   Thumb Code     0  startup_stm32f103xb.o(.text)
    SPI2_IRQHandler                          0x0800011b   Thumb Code     0  startup_stm32f103xb.o(.text)
    TAMPER_IRQHandler                        0x0800011b   Thumb Code     0  startup_stm32f103xb.o(.text)
    TIM1_BRK_IRQHandler                      0x0800011b   Thumb Code     0  startup_stm32f103xb.o(.text)
    TIM1_CC_IRQHandler                       0x0800011b   Thumb Code     0  startup_stm32f103xb.o(.text)
    TIM1_TRG_COM_IRQHandler                  0x0800011b   Thumb Code     0  startup_stm32f103xb.o(.text)
    TIM1_UP_IRQHandler                       0x0800011b   Thumb Code     0  startup_stm32f103xb.o(.text)
    TIM2_IRQHandler                          0x0800011b   Thumb Code     0  startup_stm32f103xb.o(.text)
    TIM3_IRQHandler                          0x0800011b   Thumb Code     0  startup_stm32f103xb.o(.text)
    TIM4_IRQHandler                          0x0800011b   Thumb Code     0  startup_stm32f103xb.o(.text)
    USART1_IRQHandler                        0x0800011b   Thumb Code     0  startup_stm32f103xb.o(.text)
    USART3_IRQHandler                        0x0800011b   Thumb Code     0  startup_stm32f103xb.o(.text)
    USBWakeUp_IRQHandler                     0x0800011b   Thumb Code     0  startup_stm32f103xb.o(.text)
    USB_HP_CAN1_TX_IRQHandler                0x0800011b   Thumb Code     0  startup_stm32f103xb.o(.text)
    USB_LP_CAN1_RX0_IRQHandler               0x0800011b   Thumb Code     0  startup_stm32f103xb.o(.text)
    WWDG_IRQHandler                          0x0800011b   Thumb Code     0  startup_stm32f103xb.o(.text)
    __aeabi_llsr                             0x08000125   Thumb Code    32  llushr.o(.text)
    _ll_ushift_r                             0x08000125   Thumb Code     0  llushr.o(.text)
    __aeabi_dadd                             0x08000145   Thumb Code   322  dadd.o(.text)
    __aeabi_dsub                             0x08000287   Thumb Code     6  dadd.o(.text)
    __aeabi_drsub                            0x0800028d   Thumb Code     6  dadd.o(.text)
    __aeabi_dmul                             0x08000293   Thumb Code   228  dmul.o(.text)
    __aeabi_ddiv                             0x08000377   Thumb Code   222  ddiv.o(.text)
    __aeabi_ui2f                             0x08000455   Thumb Code    10  ffltui.o(.text)
    __aeabi_f2uiz                            0x0800045f   Thumb Code    40  ffixui.o(.text)
    __aeabi_f2d                              0x08000487   Thumb Code    38  f2d.o(.text)
    __aeabi_d2f                              0x080004ad   Thumb Code    56  d2f.o(.text)
    __aeabi_uidiv                            0x080004e5   Thumb Code     0  uidiv.o(.text)
    __aeabi_uidivmod                         0x080004e5   Thumb Code    44  uidiv.o(.text)
    __aeabi_llsl                             0x08000511   Thumb Code    30  llshl.o(.text)
    _ll_shift_l                              0x08000511   Thumb Code     0  llshl.o(.text)
    __aeabi_lasr                             0x0800052f   Thumb Code    36  llsshr.o(.text)
    _ll_sshift_r                             0x0800052f   Thumb Code     0  llsshr.o(.text)
    __I$use$fp                               0x08000553   Thumb Code     0  iusefp.o(.text)
    _float_round                             0x08000553   Thumb Code    18  fepilogue.o(.text)
    _float_epilogue                          0x08000565   Thumb Code    92  fepilogue.o(.text)
    _double_round                            0x080005c1   Thumb Code    30  depilogue.o(.text)
    _double_epilogue                         0x080005df   Thumb Code   156  depilogue.o(.text)
    __scatterload                            0x0800067d   Thumb Code    28  init.o(.text)
    __scatterload_rt2                        0x0800067d   Thumb Code     0  init.o(.text)
    ADC1_2_IRQHandler                        0x080006a1   Thumb Code    10  stm32f1xx_it.o(i.ADC1_2_IRQHandler)
    ADC_ConversionStop_Disable               0x080006b1   Thumb Code    82  stm32f1xx_hal_adc.o(i.ADC_ConversionStop_Disable)
    ADC_DMAConvCplt                          0x08000703   Thumb Code    82  stm32f1xx_hal_adc.o(i.ADC_DMAConvCplt)
    ADC_DMAError                             0x08000755   Thumb Code    30  stm32f1xx_hal_adc.o(i.ADC_DMAError)
    ADC_DMAHalfConvCplt                      0x08000773   Thumb Code    14  stm32f1xx_hal_adc.o(i.ADC_DMAHalfConvCplt)
    ADC_Enable                               0x08000781   Thumb Code   122  stm32f1xx_hal_adc.o(i.ADC_Enable)
    BT_PowerOn                               0x08000805   Thumb Code    14  mask.o(i.BT_PowerOn)
    Blink_Led_Blue                           0x08000819   Thumb Code    52  mask.o(i.Blink_Led_Blue)
    Blink_led_Red                            0x08000851   Thumb Code    52  mask.o(i.Blink_led_Red)
    BusFault_Handler                         0x08000889   Thumb Code     4  stm32f1xx_it.o(i.BusFault_Handler)
    DMA1_Channel1_IRQHandler                 0x0800088d   Thumb Code    10  stm32f1xx_it.o(i.DMA1_Channel1_IRQHandler)
    DMA1_Channel6_IRQHandler                 0x0800089d   Thumb Code    10  stm32f1xx_it.o(i.DMA1_Channel6_IRQHandler)
    DMA1_Channel7_IRQHandler                 0x080008ad   Thumb Code    10  stm32f1xx_it.o(i.DMA1_Channel7_IRQHandler)
    DebugMon_Handler                         0x080008e9   Thumb Code     2  stm32f1xx_it.o(i.DebugMon_Handler)
    HAL_ADCEx_InjectedConvCpltCallback       0x080008eb   Thumb Code     2  stm32f1xx_hal_adc_ex.o(i.HAL_ADCEx_InjectedConvCpltCallback)
    HAL_ADC_ConfigChannel                    0x080008ed   Thumb Code   338  stm32f1xx_hal_adc.o(i.HAL_ADC_ConfigChannel)
    HAL_ADC_ConvCpltCallback                 0x08000a4d   Thumb Code    40  main.o(i.HAL_ADC_ConvCpltCallback)
    HAL_ADC_ConvHalfCpltCallback             0x08000a81   Thumb Code     2  stm32f1xx_hal_adc.o(i.HAL_ADC_ConvHalfCpltCallback)
    HAL_ADC_ErrorCallback                    0x08000a83   Thumb Code     2  stm32f1xx_hal_adc.o(i.HAL_ADC_ErrorCallback)
    HAL_ADC_IRQHandler                       0x08000a85   Thumb Code   290  stm32f1xx_hal_adc.o(i.HAL_ADC_IRQHandler)
    HAL_ADC_Init                             0x08000ba9   Thumb Code   314  stm32f1xx_hal_adc.o(i.HAL_ADC_Init)
    HAL_ADC_LevelOutOfWindowCallback         0x08000ced   Thumb Code     2  stm32f1xx_hal_adc.o(i.HAL_ADC_LevelOutOfWindowCallback)
    HAL_ADC_MspInit                          0x08000cf1   Thumb Code   138  stm32f1xx_hal_msp.o(i.HAL_ADC_MspInit)
    HAL_ADC_Start_DMA                        0x08000dad   Thumb Code   362  stm32f1xx_hal_adc.o(i.HAL_ADC_Start_DMA)
    HAL_DMA_Abort_IT                         0x08000f2d   Thumb Code   172  stm32f1xx_hal_dma.o(i.HAL_DMA_Abort_IT)
    HAL_DMA_IRQHandler                       0x08000fdd   Thumb Code   408  stm32f1xx_hal_dma.o(i.HAL_DMA_IRQHandler)
    HAL_DMA_Init                             0x08001179   Thumb Code   108  stm32f1xx_hal_dma.o(i.HAL_DMA_Init)
    HAL_DMA_Start_IT                         0x080011e9   Thumb Code   156  stm32f1xx_hal_dma.o(i.HAL_DMA_Start_IT)
    HAL_Delay                                0x08001285   Thumb Code    30  stm32f1xx_hal.o(i.HAL_Delay)
    HAL_GPIO_Init                            0x080012a5   Thumb Code   764  stm32f1xx_hal_gpio.o(i.HAL_GPIO_Init)
    HAL_GPIO_ReadPin                         0x080015c1   Thumb Code    16  stm32f1xx_hal_gpio.o(i.HAL_GPIO_ReadPin)
    HAL_GPIO_WritePin                        0x080015d1   Thumb Code    12  stm32f1xx_hal_gpio.o(i.HAL_GPIO_WritePin)
    HAL_GetTick                              0x080015dd   Thumb Code     6  stm32f1xx_hal.o(i.HAL_GetTick)
    HAL_IncTick                              0x080015e9   Thumb Code    12  stm32f1xx_hal.o(i.HAL_IncTick)
    HAL_Init                                 0x080015f9   Thumb Code    34  stm32f1xx_hal.o(i.HAL_Init)
    HAL_InitTick                             0x08001621   Thumb Code    36  stm32f1xx_hal.o(i.HAL_InitTick)
    HAL_MspInit                              0x08001649   Thumb Code   140  stm32f1xx_hal_msp.o(i.HAL_MspInit)
    HAL_NVIC_EnableIRQ                       0x080016dd   Thumb Code    26  stm32f1xx_hal_cortex.o(i.HAL_NVIC_EnableIRQ)
    HAL_NVIC_SetPriority                     0x080016f7   Thumb Code   124  stm32f1xx_hal_cortex.o(i.HAL_NVIC_SetPriority)
    HAL_NVIC_SetPriorityGrouping             0x08001775   Thumb Code    32  stm32f1xx_hal_cortex.o(i.HAL_NVIC_SetPriorityGrouping)
    HAL_PWR_EnterSTANDBYMode                 0x0800179d   Thumb Code    32  stm32f1xx_hal_pwr.o(i.HAL_PWR_EnterSTANDBYMode)
    HAL_RCCEx_PeriphCLKConfig                0x080017c5   Thumb Code   290  stm32f1xx_hal_rcc_ex.o(i.HAL_RCCEx_PeriphCLKConfig)
    HAL_RCC_ClockConfig                      0x080018f5   Thumb Code   402  stm32f1xx_hal_rcc.o(i.HAL_RCC_ClockConfig)
    HAL_RCC_GetHCLKFreq                      0x08001a99   Thumb Code     6  stm32f1xx_hal_rcc.o(i.HAL_RCC_GetHCLKFreq)
    HAL_RCC_GetPCLK1Freq                     0x08001aa5   Thumb Code    22  stm32f1xx_hal_rcc.o(i.HAL_RCC_GetPCLK1Freq)
    HAL_RCC_GetPCLK2Freq                     0x08001ac5   Thumb Code    22  stm32f1xx_hal_rcc.o(i.HAL_RCC_GetPCLK2Freq)
    HAL_RCC_GetSysClockFreq                  0x08001ae5   Thumb Code   118  stm32f1xx_hal_rcc.o(i.HAL_RCC_GetSysClockFreq)
    HAL_RCC_OscConfig                        0x08001b81   Thumb Code  1078  stm32f1xx_hal_rcc.o(i.HAL_RCC_OscConfig)
    HAL_SYSTICK_CLKSourceConfig              0x08001fc1   Thumb Code    40  stm32f1xx_hal_cortex.o(i.HAL_SYSTICK_CLKSourceConfig)
    HAL_SYSTICK_Callback                     0x08001fe9   Thumb Code     2  stm32f1xx_hal_cortex.o(i.HAL_SYSTICK_Callback)
    HAL_SYSTICK_Config                       0x08001feb   Thumb Code    52  stm32f1xx_hal_cortex.o(i.HAL_SYSTICK_Config)
    HAL_SYSTICK_IRQHandler                   0x0800201f   Thumb Code     8  stm32f1xx_hal_cortex.o(i.HAL_SYSTICK_IRQHandler)
    HAL_TIMEx_ConfigBreakDeadTime            0x08002027   Thumb Code   126  stm32f1xx_hal_tim_ex.o(i.HAL_TIMEx_ConfigBreakDeadTime)
    HAL_TIMEx_MasterConfigSynchronization    0x080020a5   Thumb Code    98  stm32f1xx_hal_tim_ex.o(i.HAL_TIMEx_MasterConfigSynchronization)
    HAL_TIM_Base_Init                        0x08002107   Thumb Code    52  stm32f1xx_hal_tim.o(i.HAL_TIM_Base_Init)
    HAL_TIM_Base_MspInit                     0x0800213d   Thumb Code   148  stm32f1xx_hal_msp.o(i.HAL_TIM_Base_MspInit)
    HAL_TIM_ConfigClockSource                0x080021e1   Thumb Code   306  stm32f1xx_hal_tim.o(i.HAL_TIM_ConfigClockSource)
    HAL_TIM_MspPostInit                      0x08002315   Thumb Code   184  stm32f1xx_hal_msp.o(i.HAL_TIM_MspPostInit)
    HAL_TIM_PWM_ConfigChannel                0x080023e5   Thumb Code   264  stm32f1xx_hal_tim.o(i.HAL_TIM_PWM_ConfigChannel)
    HAL_TIM_PWM_Init                         0x080024ed   Thumb Code    52  stm32f1xx_hal_tim.o(i.HAL_TIM_PWM_Init)
    HAL_TIM_PWM_MspInit                      0x08002521   Thumb Code     2  stm32f1xx_hal_tim.o(i.HAL_TIM_PWM_MspInit)
    HAL_TIM_PWM_Start                        0x08002525   Thumb Code    60  stm32f1xx_hal_tim.o(i.HAL_TIM_PWM_Start)
    HAL_UART_ErrorCallback                   0x08002565   Thumb Code     2  stm32f1xx_hal_uart.o(i.HAL_UART_ErrorCallback)
    HAL_UART_IRQHandler                      0x08002569   Thumb Code   326  stm32f1xx_hal_uart.o(i.HAL_UART_IRQHandler)
    HAL_UART_Init                            0x080026b5   Thumb Code   114  stm32f1xx_hal_uart.o(i.HAL_UART_Init)
    HAL_UART_MspInit                         0x08002729   Thumb Code   218  stm32f1xx_hal_msp.o(i.HAL_UART_MspInit)
    HAL_UART_Receive_DMA                     0x08002839   Thumb Code   182  stm32f1xx_hal_uart.o(i.HAL_UART_Receive_DMA)
    HAL_UART_RxCpltCallback                  0x080028fd   Thumb Code     2  stm32f1xx_hal_uart.o(i.HAL_UART_RxCpltCallback)
    HAL_UART_RxHalfCpltCallback              0x080028ff   Thumb Code     2  stm32f1xx_hal_uart.o(i.HAL_UART_RxHalfCpltCallback)
    HAL_UART_Transmit_DMA                    0x08002901   Thumb Code   142  stm32f1xx_hal_uart.o(i.HAL_UART_Transmit_DMA)
    HAL_UART_TxCpltCallback                  0x0800299d   Thumb Code     2  stm32f1xx_hal_uart.o(i.HAL_UART_TxCpltCallback)
    HAL_UART_TxHalfCpltCallback              0x0800299f   Thumb Code     2  stm32f1xx_hal_uart.o(i.HAL_UART_TxHalfCpltCallback)
    HardFault_Handler                        0x080029a1   Thumb Code     4  stm32f1xx_it.o(i.HardFault_Handler)
    MemManage_Handler                        0x0800301d   Thumb Code     4  stm32f1xx_it.o(i.MemManage_Handler)
    NMI_Handler                              0x08003021   Thumb Code     2  stm32f1xx_it.o(i.NMI_Handler)
    PendSV_Handler                           0x0800305d   Thumb Code     2  stm32f1xx_it.o(i.PendSV_Handler)
    PowerOn                                  0x08003061   Thumb Code    84  mask.o(i.PowerOn)
    Power_OFF                                0x080030bd   Thumb Code    76  mask.o(i.Power_OFF)
    Power_off2                               0x08003111   Thumb Code    34  mask.o(i.Power_off2)
    Read_Temp                                0x08003161   Thumb Code    98  mask.o(i.Read_Temp)
    SVC_Handler                              0x080031f1   Thumb Code     2  stm32f1xx_it.o(i.SVC_Handler)
    SysTick_Handler                          0x080031f3   Thumb Code    12  stm32f1xx_it.o(i.SysTick_Handler)
    SystemClock_Config                       0x08003201   Thumb Code   158  main.o(i.SystemClock_Config)
    SystemInit                               0x080032b1   Thumb Code    70  system_stm32f1xx.o(i.SystemInit)
    TIM_Base_SetConfig                       0x08003309   Thumb Code   102  stm32f1xx_hal_tim.o(i.TIM_Base_SetConfig)
    TIM_CCxChannelCmd                        0x0800337d   Thumb Code    28  stm32f1xx_hal_tim.o(i.TIM_CCxChannelCmd)
    TIM_OC2_SetConfig                        0x08003429   Thumb Code   106  stm32f1xx_hal_tim.o(i.TIM_OC2_SetConfig)
    USART2_IRQHandler                        0x080039d1   Thumb Code    10  stm32f1xx_it.o(i.USART2_IRQHandler)
    UsageFault_Handler                       0x080039e1   Thumb Code     4  stm32f1xx_it.o(i.UsageFault_Handler)
    _Error_Handler                           0x080039e5   Thumb Code     4  main.o(i._Error_Handler)
    __0sprintf$1                             0x080039e9   Thumb Code    34  printf1.o(i.__0sprintf$1)
    __1sprintf$1                             0x080039e9   Thumb Code     0  printf1.o(i.__0sprintf$1)
    __2sprintf                               0x080039e9   Thumb Code     0  printf1.o(i.__0sprintf$1)
    __scatterload_copy                       0x08003a11   Thumb Code    14  handlers.o(i.__scatterload_copy)
    __scatterload_null                       0x08003a1f   Thumb Code     2  handlers.o(i.__scatterload_null)
    __scatterload_zeroinit                   0x08003a21   Thumb Code    14  handlers.o(i.__scatterload_zeroinit)
    main                                     0x08003b91   Thumb Code  4334  main.o(i.main)
    AHBPrescTable                            0x08004d14   Data          16  system_stm32f1xx.o(.constdata)
    APBPrescTable                            0x08004d24   Data           8  system_stm32f1xx.o(.constdata)
    Region$$Table$$Base                      0x08004d2c   Number         0  anon$$obj.o(Region$$Table)
    Region$$Table$$Limit                     0x08004d4c   Number         0  anon$$obj.o(Region$$Table)
    uwTick                                   0x20000000   Data           4  stm32f1xx_hal.o(.data)
    uart_byte                                0x20000004   Data           1  main.o(.data)
    uart_buff                                0x20000005   Data           6  main.o(.data)
    num_byte                                 0x2000000b   Data           1  main.o(.data)
    OK                                       0x2000000c   Data           2  main.o(.data)
    LE                                       0x2000000e   Data           2  main.o(.data)
    sendData2                                0x20000010   Data           3  main.o(.data)
    sendTEMP                                 0x20000013   Data           5  main.o(.data)
    sendBAT                                  0x20000018   Data           4  main.o(.data)
    power                                    0x2000001c   Data           1  main.o(.data)
    buff_transmit                            0x2000001d   Data           1  main.o(.data)
    buf_vape                                 0x2000001e   Data           5  main.o(.data)
    buf_healt_left                           0x20000023   Data           5  main.o(.data)
    buf_healt_right                          0x20000028   Data           5  main.o(.data)
    buf_coller_left                          0x2000002d   Data           5  main.o(.data)
    buf_coller_right                         0x20000032   Data           5  main.o(.data)
    buf_water_left                           0x20000037   Data           5  main.o(.data)
    buf_water_right                          0x2000003c   Data           5  main.o(.data)
    buf_vibro                                0x20000041   Data           5  main.o(.data)
    fan_smell                                0x20000046   Data           1  main.o(.data)
    tempvibro                                0x20000048   Data           2  main.o(.data)
    healt_right                              0x2000004a   Data           1  main.o(.data)
    healt_left                               0x2000004b   Data           1  main.o(.data)
    cooler_left                              0x2000004c   Data           1  main.o(.data)
    cooler_right                             0x2000004d   Data           1  main.o(.data)
    water_left                               0x2000004e   Data           1  main.o(.data)
    water_right                              0x2000004f   Data           1  main.o(.data)
    vibro                                    0x20000050   Data           1  main.o(.data)
    vape1                                    0x20000051   Data           1  main.o(.data)
    vape2                                    0x20000052   Data           1  main.o(.data)
    vape3                                    0x20000053   Data           1  main.o(.data)
    vape4                                    0x20000054   Data           1  main.o(.data)
    vape5                                    0x20000055   Data           1  main.o(.data)
    vape6                                    0x20000056   Data           1  main.o(.data)
    vape7                                    0x20000057   Data           1  main.o(.data)
    vape8                                    0x20000058   Data           1  main.o(.data)
    vape9                                    0x20000059   Data           1  main.o(.data)
    BAT                                      0x2000005c   Data           4  main.o(.data)
    b                                        0x20000060   Data           1  main.o(.data)
    time_healt_right                         0x20000064   Data           4  main.o(.data)
    time_healt_left                          0x20000068   Data           4  main.o(.data)
    time_cooler_right                        0x2000006c   Data           4  main.o(.data)
    time_cooler_left                         0x20000070   Data           4  main.o(.data)
    time_water_right                         0x20000074   Data           4  main.o(.data)
    time_water_left                          0x20000078   Data           4  main.o(.data)
    time_vibro                               0x2000007c   Data           4  main.o(.data)
    time_vape1                               0x20000080   Data           4  main.o(.data)
    time_vape2                               0x20000084   Data           4  main.o(.data)
    time_vape3                               0x20000088   Data           4  main.o(.data)
    time_vape4                               0x2000008c   Data           4  main.o(.data)
    time_vape5                               0x20000090   Data           4  main.o(.data)
    time_vape6                               0x20000094   Data           4  main.o(.data)
    time_vape7                               0x20000098   Data           4  main.o(.data)
    time_vape8                               0x2000009c   Data           4  main.o(.data)
    time_vape9                               0x200000a0   Data           4  main.o(.data)
    time_sendData                            0x200000a4   Data           4  main.o(.data)
    time_sendData2                           0x200000a8   Data           4  main.o(.data)
    time_sendData3                           0x200000ac   Data           4  main.o(.data)
    time_haelt_rightOff                      0x200000b0   Data           4  main.o(.data)
    time_haelt_leftOff                       0x200000b4   Data           4  main.o(.data)
    time_cooler_rightOff                     0x200000b8   Data           4  main.o(.data)
    time_cooler_leftOff                      0x200000bc   Data           4  main.o(.data)
    time_water_rightOff                      0x200000c0   Data           4  main.o(.data)
    time_water_leftOff                       0x200000c4   Data           4  main.o(.data)
    time_vibro_Off                           0x200000c8   Data           4  main.o(.data)
    time_vape1_Off                           0x200000cc   Data           4  main.o(.data)
    time_vape2_Off                           0x200000d0   Data           4  main.o(.data)
    time_vape3_Off                           0x200000d4   Data           4  main.o(.data)
    time_vape4_Off                           0x200000d8   Data           4  main.o(.data)
    time_vape5_Off                           0x200000dc   Data           4  main.o(.data)
    time_vape6_Off                           0x200000e0   Data           4  main.o(.data)
    time_vape7_Off                           0x200000e4   Data           4  main.o(.data)
    time_vape8_Off                           0x200000e8   Data           4  main.o(.data)
    time_vape9_Off                           0x200000ec   Data           4  main.o(.data)
    temp2                                    0x200000f0   Data           2  main.o(.data)
    temp                                     0x200000f2   Data           2  main.o(.data)
    powercount                               0x200000f4   Data           1  main.o(.data)
    adc_buffer                               0x200000f8   Data           8  main.o(.data)
    adc_value                                0x20000100   Data           8  main.o(.data)
    tick_time                                0x20000108   Data           4  main.o(.data)
    volt                                     0x2000010c   Data           4  mask.o(.data)
    temperature                              0x20000110   Data           4  mask.o(.data)
    temP                                     0x20000114   Data           1  mask.o(.data)
    SystemCoreClock                          0x20000118   Data           4  system_stm32f1xx.o(.data)
    hadc1                                    0x2000011c   Data          48  main.o(.bss)
    hdma_adc1                                0x2000014c   Data          68  main.o(.bss)
    htim1                                    0x20000190   Data          64  main.o(.bss)
    htim2                                    0x200001d0   Data          64  main.o(.bss)
    htim3                                    0x20000210   Data          64  main.o(.bss)
    htim4                                    0x20000250   Data          64  main.o(.bss)
    huart2                                   0x20000290   Data          64  main.o(.bss)
    hdma_usart2_rx                           0x200002d0   Data          68  main.o(.bss)
    hdma_usart2_tx                           0x20000314   Data          68  main.o(.bss)
    sendData                                 0x20000358   Data          11  main.o(.bss)
    __initial_sp                             0x20000768   Data           0  startup_stm32f103xb.o(STACK)



==============================================================================

Memory Map of the image

  Image Entry point : 0x080000ed

  Load Region LR_IROM1 (Base: 0x08000000, Size: 0x00004e68, Max: 0x00010000, ABSOLUTE)

    Execution Region ER_IROM1 (Exec base: 0x08000000, Load base: 0x08000000, Size: 0x00004d4c, Max: 0x00010000, ABSOLUTE)

    Exec Addr    Load Addr    Size         Type   Attr      Idx    E Section Name        Object

    0x08000000   0x08000000   0x000000ec   Data   RO         2849    RESET               startup_stm32f103xb.o
    0x080000ec   0x080000ec   0x00000000   Code   RO         2891  * .ARM.Collect$$$$00000000  mc_w.l(entry.o)
    0x080000ec   0x080000ec   0x00000004   Code   RO         3171    .ARM.Collect$$$$00000001  mc_w.l(entry2.o)
    0x080000f0   0x080000f0   0x00000004   Code   RO         3174    .ARM.Collect$$$$00000004  mc_w.l(entry5.o)
    0x080000f4   0x080000f4   0x00000000   Code   RO         3176    .ARM.Collect$$$$00000008  mc_w.l(entry7b.o)
    0x080000f4   0x080000f4   0x00000000   Code   RO         3178    .ARM.Collect$$$$0000000A  mc_w.l(entry8b.o)
    0x080000f4   0x080000f4   0x00000008   Code   RO         3179    .ARM.Collect$$$$0000000B  mc_w.l(entry9a.o)
    0x080000fc   0x080000fc   0x00000000   Code   RO         3181    .ARM.Collect$$$$0000000D  mc_w.l(entry10a.o)
    0x080000fc   0x080000fc   0x00000000   Code   RO         3183    .ARM.Collect$$$$0000000F  mc_w.l(entry11a.o)
    0x080000fc   0x080000fc   0x00000004   Code   RO         3172    .ARM.Collect$$$$00002712  mc_w.l(entry2.o)
    0x08000100   0x08000100   0x00000024   Code   RO         2850    .text               startup_stm32f103xb.o
    0x08000124   0x08000124   0x00000020   Code   RO         2894    .text               mc_w.l(llushr.o)
    0x08000144   0x08000144   0x0000014e   Code   RO         3157    .text               mf_w.l(dadd.o)
    0x08000292   0x08000292   0x000000e4   Code   RO         3159    .text               mf_w.l(dmul.o)
    0x08000376   0x08000376   0x000000de   Code   RO         3161    .text               mf_w.l(ddiv.o)
    0x08000454   0x08000454   0x0000000a   Code   RO         3163    .text               mf_w.l(ffltui.o)
    0x0800045e   0x0800045e   0x00000028   Code   RO         3165    .text               mf_w.l(ffixui.o)
    0x08000486   0x08000486   0x00000026   Code   RO         3167    .text               mf_w.l(f2d.o)
    0x080004ac   0x080004ac   0x00000038   Code   RO         3169    .text               mf_w.l(d2f.o)
    0x080004e4   0x080004e4   0x0000002c   Code   RO         3188    .text               mc_w.l(uidiv.o)
    0x08000510   0x08000510   0x0000001e   Code   RO         3192    .text               mc_w.l(llshl.o)
    0x0800052e   0x0800052e   0x00000024   Code   RO         3194    .text               mc_w.l(llsshr.o)
    0x08000552   0x08000552   0x00000000   Code   RO         3196    .text               mc_w.l(iusefp.o)
    0x08000552   0x08000552   0x0000006e   Code   RO         3197    .text               mf_w.l(fepilogue.o)
    0x080005c0   0x080005c0   0x000000ba   Code   RO         3199    .text               mf_w.l(depilogue.o)
    0x0800067a   0x0800067a   0x00000002   PAD
    0x0800067c   0x0800067c   0x00000024   Code   RO         3205    .text               mc_w.l(init.o)
    0x080006a0   0x080006a0   0x00000010   Code   RO         2674    i.ADC1_2_IRQHandler  stm32f1xx_it.o
    0x080006b0   0x080006b0   0x00000052   Code   RO          650    i.ADC_ConversionStop_Disable  stm32f1xx_hal_adc.o
    0x08000702   0x08000702   0x00000052   Code   RO          651    i.ADC_DMAConvCplt   stm32f1xx_hal_adc.o
    0x08000754   0x08000754   0x0000001e   Code   RO          652    i.ADC_DMAError      stm32f1xx_hal_adc.o
    0x08000772   0x08000772   0x0000000e   Code   RO          653    i.ADC_DMAHalfConvCplt  stm32f1xx_hal_adc.o
    0x08000780   0x08000780   0x00000084   Code   RO          654    i.ADC_Enable        stm32f1xx_hal_adc.o
    0x08000804   0x08000804   0x00000014   Code   RO         2780    i.BT_PowerOn        mask.o
    0x08000818   0x08000818   0x00000038   Code   RO         2781    i.Blink_Led_Blue    mask.o
    0x08000850   0x08000850   0x00000038   Code   RO         2782    i.Blink_led_Red     mask.o
    0x08000888   0x08000888   0x00000004   Code   RO         2675    i.BusFault_Handler  stm32f1xx_it.o
    0x0800088c   0x0800088c   0x00000010   Code   RO         2676    i.DMA1_Channel1_IRQHandler  stm32f1xx_it.o
    0x0800089c   0x0800089c   0x00000010   Code   RO         2677    i.DMA1_Channel6_IRQHandler  stm32f1xx_it.o
    0x080008ac   0x080008ac   0x00000010   Code   RO         2678    i.DMA1_Channel7_IRQHandler  stm32f1xx_it.o
    0x080008bc   0x080008bc   0x0000002c   Code   RO          555    i.DMA_SetConfig     stm32f1xx_hal_dma.o
    0x080008e8   0x080008e8   0x00000002   Code   RO         2679    i.DebugMon_Handler  stm32f1xx_it.o
    0x080008ea   0x080008ea   0x00000002   Code   RO         1199    i.HAL_ADCEx_InjectedConvCpltCallback  stm32f1xx_hal_adc_ex.o
    0x080008ec   0x080008ec   0x00000160   Code   RO          656    i.HAL_ADC_ConfigChannel  stm32f1xx_hal_adc.o
    0x08000a4c   0x08000a4c   0x00000034   Code   RO         2512    i.HAL_ADC_ConvCpltCallback  main.o
    0x08000a80   0x08000a80   0x00000002   Code   RO          658    i.HAL_ADC_ConvHalfCpltCallback  stm32f1xx_hal_adc.o
    0x08000a82   0x08000a82   0x00000002   Code   RO          660    i.HAL_ADC_ErrorCallback  stm32f1xx_hal_adc.o
    0x08000a84   0x08000a84   0x00000122   Code   RO          664    i.HAL_ADC_IRQHandler  stm32f1xx_hal_adc.o
    0x08000ba6   0x08000ba6   0x00000002   PAD
    0x08000ba8   0x08000ba8   0x00000144   Code   RO          665    i.HAL_ADC_Init      stm32f1xx_hal_adc.o
    0x08000cec   0x08000cec   0x00000002   Code   RO          666    i.HAL_ADC_LevelOutOfWindowCallback  stm32f1xx_hal_adc.o
    0x08000cee   0x08000cee   0x00000002   PAD
    0x08000cf0   0x08000cf0   0x000000bc   Code   RO         2608    i.HAL_ADC_MspInit   stm32f1xx_hal_msp.o
    0x08000dac   0x08000dac   0x00000180   Code   RO          672    i.HAL_ADC_Start_DMA  stm32f1xx_hal_adc.o
    0x08000f2c   0x08000f2c   0x000000b0   Code   RO          557    i.HAL_DMA_Abort_IT  stm32f1xx_hal_dma.o
    0x08000fdc   0x08000fdc   0x0000019c   Code   RO          561    i.HAL_DMA_IRQHandler  stm32f1xx_hal_dma.o
    0x08001178   0x08001178   0x00000070   Code   RO          562    i.HAL_DMA_Init      stm32f1xx_hal_dma.o
    0x080011e8   0x080011e8   0x0000009c   Code   RO          566    i.HAL_DMA_Start_IT  stm32f1xx_hal_dma.o
    0x08001284   0x08001284   0x0000001e   Code   RO         1510    i.HAL_Delay         stm32f1xx_hal.o
    0x080012a2   0x080012a2   0x00000002   PAD
    0x080012a4   0x080012a4   0x0000031c   Code   RO         1683    i.HAL_GPIO_Init     stm32f1xx_hal_gpio.o
    0x080015c0   0x080015c0   0x00000010   Code   RO         1685    i.HAL_GPIO_ReadPin  stm32f1xx_hal_gpio.o
    0x080015d0   0x080015d0   0x0000000c   Code   RO         1687    i.HAL_GPIO_WritePin  stm32f1xx_hal_gpio.o
    0x080015dc   0x080015dc   0x0000000c   Code   RO         1514    i.HAL_GetTick       stm32f1xx_hal.o
    0x080015e8   0x080015e8   0x00000010   Code   RO         1516    i.HAL_IncTick       stm32f1xx_hal.o
    0x080015f8   0x080015f8   0x00000028   Code   RO         1517    i.HAL_Init          stm32f1xx_hal.o
    0x08001620   0x08001620   0x00000028   Code   RO         1518    i.HAL_InitTick      stm32f1xx_hal.o
    0x08001648   0x08001648   0x00000094   Code   RO         2609    i.HAL_MspInit       stm32f1xx_hal_msp.o
    0x080016dc   0x080016dc   0x0000001a   Code   RO            6    i.HAL_NVIC_EnableIRQ  stm32f1xx_hal_cortex.o
    0x080016f6   0x080016f6   0x0000007c   Code   RO           12    i.HAL_NVIC_SetPriority  stm32f1xx_hal_cortex.o
    0x08001772   0x08001772   0x00000002   PAD
    0x08001774   0x08001774   0x00000028   Code   RO           13    i.HAL_NVIC_SetPriorityGrouping  stm32f1xx_hal_cortex.o
    0x0800179c   0x0800179c   0x00000028   Code   RO         1759    i.HAL_PWR_EnterSTANDBYMode  stm32f1xx_hal_pwr.o
    0x080017c4   0x080017c4   0x00000130   Code   RO          832    i.HAL_RCCEx_PeriphCLKConfig  stm32f1xx_hal_rcc_ex.o
    0x080018f4   0x080018f4   0x000001a4   Code   RO         1294    i.HAL_RCC_ClockConfig  stm32f1xx_hal_rcc.o
    0x08001a98   0x08001a98   0x0000000c   Code   RO         1299    i.HAL_RCC_GetHCLKFreq  stm32f1xx_hal_rcc.o
    0x08001aa4   0x08001aa4   0x00000020   Code   RO         1301    i.HAL_RCC_GetPCLK1Freq  stm32f1xx_hal_rcc.o
    0x08001ac4   0x08001ac4   0x00000020   Code   RO         1302    i.HAL_RCC_GetPCLK2Freq  stm32f1xx_hal_rcc.o
    0x08001ae4   0x08001ae4   0x0000009c   Code   RO         1303    i.HAL_RCC_GetSysClockFreq  stm32f1xx_hal_rcc.o
    0x08001b80   0x08001b80   0x00000440   Code   RO         1306    i.HAL_RCC_OscConfig  stm32f1xx_hal_rcc.o
    0x08001fc0   0x08001fc0   0x00000028   Code   RO           15    i.HAL_SYSTICK_CLKSourceConfig  stm32f1xx_hal_cortex.o
    0x08001fe8   0x08001fe8   0x00000002   Code   RO           16    i.HAL_SYSTICK_Callback  stm32f1xx_hal_cortex.o
    0x08001fea   0x08001fea   0x00000034   Code   RO           17    i.HAL_SYSTICK_Config  stm32f1xx_hal_cortex.o
    0x0800201e   0x0800201e   0x00000008   Code   RO           18    i.HAL_SYSTICK_IRQHandler  stm32f1xx_hal_cortex.o
    0x08002026   0x08002026   0x0000007e   Code   RO          324    i.HAL_TIMEx_ConfigBreakDeadTime  stm32f1xx_hal_tim_ex.o
    0x080020a4   0x080020a4   0x00000062   Code   RO          339    i.HAL_TIMEx_MasterConfigSynchronization  stm32f1xx_hal_tim_ex.o
    0x08002106   0x08002106   0x00000034   Code   RO         1873    i.HAL_TIM_Base_Init  stm32f1xx_hal_tim.o
    0x0800213a   0x0800213a   0x00000002   PAD
    0x0800213c   0x0800213c   0x000000a4   Code   RO         2611    i.HAL_TIM_Base_MspInit  stm32f1xx_hal_msp.o
    0x080021e0   0x080021e0   0x00000132   Code   RO         1882    i.HAL_TIM_ConfigClockSource  stm32f1xx_hal_tim.o
    0x08002312   0x08002312   0x00000002   PAD
    0x08002314   0x08002314   0x000000d0   Code   RO         2612    i.HAL_TIM_MspPostInit  stm32f1xx_hal_msp.o
    0x080023e4   0x080023e4   0x00000108   Code   RO         1939    i.HAL_TIM_PWM_ConfigChannel  stm32f1xx_hal_tim.o
    0x080024ec   0x080024ec   0x00000034   Code   RO         1942    i.HAL_TIM_PWM_Init  stm32f1xx_hal_tim.o
    0x08002520   0x08002520   0x00000002   Code   RO         1944    i.HAL_TIM_PWM_MspInit  stm32f1xx_hal_tim.o
    0x08002522   0x08002522   0x00000002   PAD
    0x08002524   0x08002524   0x00000040   Code   RO         1946    i.HAL_TIM_PWM_Start  stm32f1xx_hal_tim.o
    0x08002564   0x08002564   0x00000002   Code   RO          887    i.HAL_UART_ErrorCallback  stm32f1xx_hal_uart.o
    0x08002566   0x08002566   0x00000002   PAD
    0x08002568   0x08002568   0x0000014c   Code   RO          890    i.HAL_UART_IRQHandler  stm32f1xx_hal_uart.o
    0x080026b4   0x080026b4   0x00000072   Code   RO          891    i.HAL_UART_Init     stm32f1xx_hal_uart.o
    0x08002726   0x08002726   0x00000002   PAD
    0x08002728   0x08002728   0x00000110   Code   RO         2614    i.HAL_UART_MspInit  stm32f1xx_hal_msp.o
    0x08002838   0x08002838   0x000000c4   Code   RO          895    i.HAL_UART_Receive_DMA  stm32f1xx_hal_uart.o
    0x080028fc   0x080028fc   0x00000002   Code   RO          897    i.HAL_UART_RxCpltCallback  stm32f1xx_hal_uart.o
    0x080028fe   0x080028fe   0x00000002   Code   RO          898    i.HAL_UART_RxHalfCpltCallback  stm32f1xx_hal_uart.o
    0x08002900   0x08002900   0x0000009c   Code   RO          900    i.HAL_UART_Transmit_DMA  stm32f1xx_hal_uart.o
    0x0800299c   0x0800299c   0x00000002   Code   RO          902    i.HAL_UART_TxCpltCallback  stm32f1xx_hal_uart.o
    0x0800299e   0x0800299e   0x00000002   Code   RO          903    i.HAL_UART_TxHalfCpltCallback  stm32f1xx_hal_uart.o
    0x080029a0   0x080029a0   0x00000004   Code   RO         2680    i.HardFault_Handler  stm32f1xx_it.o
    0x080029a4   0x080029a4   0x00000090   Code   RO         2513    i.MX_ADC1_Init      main.o
    0x08002a34   0x08002a34   0x00000054   Code   RO         2514    i.MX_DMA_Init       main.o
    0x08002a88   0x08002a88   0x00000124   Code   RO         2515    i.MX_GPIO_Init      main.o
    0x08002bac   0x08002bac   0x00000130   Code   RO         2516    i.MX_TIM1_Init      main.o
    0x08002cdc   0x08002cdc   0x000000fc   Code   RO         2517    i.MX_TIM2_Init      main.o
    0x08002dd8   0x08002dd8   0x000000fc   Code   RO         2518    i.MX_TIM3_Init      main.o
    0x08002ed4   0x08002ed4   0x000000fc   Code   RO         2519    i.MX_TIM4_Init      main.o
    0x08002fd0   0x08002fd0   0x0000004c   Code   RO         2520    i.MX_USART2_UART_Init  main.o
    0x0800301c   0x0800301c   0x00000004   Code   RO         2681    i.MemManage_Handler  stm32f1xx_it.o
    0x08003020   0x08003020   0x00000002   Code   RO         2682    i.NMI_Handler       stm32f1xx_it.o
    0x08003022   0x08003022   0x00000002   PAD
    0x08003024   0x08003024   0x00000010   Code   RO           19    i.NVIC_GetPriorityGrouping  stm32f1xx_hal_cortex.o
    0x08003034   0x08003034   0x00000028   Code   RO           20    i.NVIC_SetPriority  stm32f1xx_hal_cortex.o
    0x0800305c   0x0800305c   0x00000002   Code   RO         2683    i.PendSV_Handler    stm32f1xx_it.o
    0x0800305e   0x0800305e   0x00000002   PAD
    0x08003060   0x08003060   0x0000005c   Code   RO         2783    i.PowerOn           mask.o
    0x080030bc   0x080030bc   0x00000054   Code   RO         2784    i.Power_OFF         mask.o
    0x08003110   0x08003110   0x00000028   Code   RO         2785    i.Power_off2        mask.o
    0x08003138   0x08003138   0x00000028   Code   RO         1307    i.RCC_Delay         stm32f1xx_hal_rcc.o
    0x08003160   0x08003160   0x00000090   Code   RO         2786    i.Read_Temp         mask.o
    0x080031f0   0x080031f0   0x00000002   Code   RO         2684    i.SVC_Handler       stm32f1xx_it.o
    0x080031f2   0x080031f2   0x0000000c   Code   RO         2685    i.SysTick_Handler   stm32f1xx_it.o
    0x080031fe   0x080031fe   0x00000002   PAD
    0x08003200   0x08003200   0x000000b0   Code   RO         2521    i.SystemClock_Config  main.o
    0x080032b0   0x080032b0   0x00000058   Code   RO         2858    i.SystemInit        system_stm32f1xx.o
    0x08003308   0x08003308   0x00000074   Code   RO         1957    i.TIM_Base_SetConfig  stm32f1xx_hal_tim.o
    0x0800337c   0x0800337c   0x0000001c   Code   RO         1958    i.TIM_CCxChannelCmd  stm32f1xx_hal_tim.o
    0x08003398   0x08003398   0x00000018   Code   RO         1964    i.TIM_ETR_SetConfig  stm32f1xx_hal_tim.o
    0x080033b0   0x080033b0   0x00000014   Code   RO         1965    i.TIM_ITRx_SetConfig  stm32f1xx_hal_tim.o
    0x080033c4   0x080033c4   0x00000064   Code   RO         1966    i.TIM_OC1_SetConfig  stm32f1xx_hal_tim.o
    0x08003428   0x08003428   0x00000070   Code   RO         1967    i.TIM_OC2_SetConfig  stm32f1xx_hal_tim.o
    0x08003498   0x08003498   0x0000006c   Code   RO         1968    i.TIM_OC3_SetConfig  stm32f1xx_hal_tim.o
    0x08003504   0x08003504   0x00000050   Code   RO         1969    i.TIM_OC4_SetConfig  stm32f1xx_hal_tim.o
    0x08003554   0x08003554   0x0000002a   Code   RO         1971    i.TIM_TI1_ConfigInputStage  stm32f1xx_hal_tim.o
    0x0800357e   0x0800357e   0x0000002c   Code   RO         1973    i.TIM_TI2_ConfigInputStage  stm32f1xx_hal_tim.o
    0x080035aa   0x080035aa   0x00000014   Code   RO          904    i.UART_DMAAbortOnError  stm32f1xx_hal_uart.o
    0x080035be   0x080035be   0x00000050   Code   RO          905    i.UART_DMAError     stm32f1xx_hal_uart.o
    0x0800360e   0x0800360e   0x00000046   Code   RO          906    i.UART_DMAReceiveCplt  stm32f1xx_hal_uart.o
    0x08003654   0x08003654   0x0000000e   Code   RO          908    i.UART_DMARxHalfCplt  stm32f1xx_hal_uart.o
    0x08003662   0x08003662   0x00000036   Code   RO          910    i.UART_DMATransmitCplt  stm32f1xx_hal_uart.o
    0x08003698   0x08003698   0x0000000e   Code   RO          912    i.UART_DMATxHalfCplt  stm32f1xx_hal_uart.o
    0x080036a6   0x080036a6   0x00000020   Code   RO          914    i.UART_EndRxTransfer  stm32f1xx_hal_uart.o
    0x080036c6   0x080036c6   0x00000020   Code   RO          915    i.UART_EndTransmit_IT  stm32f1xx_hal_uart.o
    0x080036e6   0x080036e6   0x00000014   Code   RO          916    i.UART_EndTxTransfer  stm32f1xx_hal_uart.o
    0x080036fa   0x080036fa   0x000000a6   Code   RO          917    i.UART_Receive_IT   stm32f1xx_hal_uart.o
    0x080037a0   0x080037a0   0x000001c8   Code   RO          918    i.UART_SetConfig    stm32f1xx_hal_uart.o
    0x08003968   0x08003968   0x00000068   Code   RO          919    i.UART_Transmit_IT  stm32f1xx_hal_uart.o
    0x080039d0   0x080039d0   0x00000010   Code   RO         2686    i.USART2_IRQHandler  stm32f1xx_it.o
    0x080039e0   0x080039e0   0x00000004   Code   RO         2687    i.UsageFault_Handler  stm32f1xx_it.o
    0x080039e4   0x080039e4   0x00000004   Code   RO         2522    i._Error_Handler    main.o
    0x080039e8   0x080039e8   0x00000028   Code   RO         2943    i.__0sprintf$1      mc_w.l(printf1.o)
    0x08003a10   0x08003a10   0x0000000e   Code   RO         3211    i.__scatterload_copy  mc_w.l(handlers.o)
    0x08003a1e   0x08003a1e   0x00000002   Code   RO         3212    i.__scatterload_null  mc_w.l(handlers.o)
    0x08003a20   0x08003a20   0x0000000e   Code   RO         3213    i.__scatterload_zeroinit  mc_w.l(handlers.o)
    0x08003a2e   0x08003a2e   0x00000002   PAD
    0x08003a30   0x08003a30   0x00000154   Code   RO         2948    i._printf_core      mc_w.l(printf1.o)
    0x08003b84   0x08003b84   0x0000000a   Code   RO         2950    i._sputc            mc_w.l(printf1.o)
    0x08003b8e   0x08003b8e   0x00000002   PAD
    0x08003b90   0x08003b90   0x00001184   Code   RO         2523    i.main              main.o
    0x08004d14   0x08004d14   0x00000018   Data   RO         2859    .constdata          system_stm32f1xx.o
    0x08004d2c   0x08004d2c   0x00000020   Data   RO         3209    Region$$Table       anon$$obj.o


    Execution Region RW_IRAM1 (Exec base: 0x20000000, Load base: 0x08004d4c, Size: 0x00000768, Max: 0x00005000, ABSOLUTE)

    Exec Addr    Load Addr    Size         Type   Attr      Idx    E Section Name        Object

    0x20000000   0x08004d4c   0x00000004   Data   RW         1523    .data               stm32f1xx_hal.o
    0x20000004   0x08004d50   0x00000108   Data   RW         2525    .data               main.o
    0x2000010c   0x08004e58   0x00000009   Data   RW         2788    .data               mask.o
    0x20000115   0x08004e61   0x00000003   PAD
    0x20000118   0x08004e64   0x00000004   Data   RW         2860    .data               system_stm32f1xx.o
    0x2000011c        -       0x00000247   Zero   RW         2524    .bss                main.o
    0x20000363   0x08004e68   0x00000005   PAD
    0x20000368        -       0x00000400   Zero   RW         2847    STACK               startup_stm32f103xb.o


==============================================================================

Image component sizes


      Code (inc. data)   RO Data    RW Data    ZI Data      Debug   Object Name

      6372        868          0        264        583      13018   main.o
       492         82          0          9          0       3217   mask.o
        36          8        236          0       1024        740   startup_stm32f103xb.o
       138         20          0          4          0       3435   stm32f1xx_hal.o
      1696         56          0          0          0       8623   stm32f1xx_hal_adc.o
         2          0          0          0          0       1017   stm32f1xx_hal_adc_ex.o
       348         22          0          0          0     478189   stm32f1xx_hal_cortex.o
       900         12          0          0          0       4006   stm32f1xx_hal_dma.o
       824         32          0          0          0       3171   stm32f1xx_hal_gpio.o
       980        152          0          0          0       3578   stm32f1xx_hal_msp.o
        40          8          0          0          0        491   stm32f1xx_hal_pwr.o
      1780        114          0          0          0       5676   stm32f1xx_hal_rcc.o
       304         14          0          0          0       1328   stm32f1xx_hal_rcc_ex.o
      1414         38          0          0          0      11030   stm32f1xx_hal_tim.o
       224          0          0          0          0       1848   stm32f1xx_hal_tim_ex.o
      1870         40          0          0          0      12918   stm32f1xx_hal_uart.o
       116         30          0          0          0       5675   stm32f1xx_it.o
        88         18         24          4          0       1063   system_stm32f1xx.o

    ----------------------------------------------------------------------
     17648       1514        292        284       1612     559023   Object Totals
         0          0         32          0          0          0   (incl. Generated)
        24          0          0          3          5          0   (incl. Padding)

    ----------------------------------------------------------------------

      Code (inc. data)   RO Data    RW Data    ZI Data      Debug   Library Member Name

         0          0          0          0          0          0   entry.o
         0          0          0          0          0          0   entry10a.o
         0          0          0          0          0          0   entry11a.o
         8          4          0          0          0          0   entry2.o
         4          0          0          0          0          0   entry5.o
         0          0          0          0          0          0   entry7b.o
         0          0          0          0          0          0   entry8b.o
         8          4          0          0          0          0   entry9a.o
        30          0          0          0          0          0   handlers.o
        36          8          0          0          0         68   init.o
         0          0          0          0          0          0   iusefp.o
        30          0          0          0          0         68   llshl.o
        36          0          0          0          0         68   llsshr.o
        32          0          0          0          0         68   llushr.o
       390         10          0          0          0        252   printf1.o
        44          0          0          0          0         80   uidiv.o
        56          0          0          0          0         88   d2f.o
       334          0          0          0          0        148   dadd.o
       222          0          0          0          0        100   ddiv.o
       186          0          0          0          0        176   depilogue.o
       228          0          0          0          0         96   dmul.o
        38          0          0          0          0         68   f2d.o
       110          0          0          0          0        168   fepilogue.o
        40          0          0          0          0         68   ffixui.o
        10          0          0          0          0         68   ffltui.o

    ----------------------------------------------------------------------
      1848         26          0          0          0       1584   Library Totals
         6          0          0          0          0          0   (incl. Padding)

    ----------------------------------------------------------------------

      Code (inc. data)   RO Data    RW Data    ZI Data      Debug   Library Name

       618         26          0          0          0        604   mc_w.l
      1224          0          0          0          0        980   mf_w.l

    ----------------------------------------------------------------------
      1848         26          0          0          0       1584   Library Totals

    ----------------------------------------------------------------------

==============================================================================


      Code (inc. data)   RO Data    RW Data    ZI Data      Debug   

     19496       1540        292        284       1612     553895   Grand Totals
     19496       1540        292        284       1612     553895   ELF Image Totals
     19496       1540        292        284          0          0   ROM Totals

==============================================================================

    Total RO  Size (Code + RO Data)                19788 (  19.32kB)
    Total RW  Size (RW Data + ZI Data)              1896 (   1.85kB)
    Total ROM Size (Code + RO Data + RW Data)      20072 (  19.60kB)

==============================================================================

